Archive member included to satisfy reference by file (symbol)

c:/st/stm32cubeide_1.9.0/stm32cubeide/plugins/com.st.stm32cube.ide.mcu.externaltools.gnu-tools-for-stm32.10.3-2021.10.win32_1.0.0.202111181127/tools/bin/../lib/gcc/arm-none-eabi/10.3.1/../../../../arm-none-eabi/lib/thumb/v7e-m+fp/hard\libc_nano.a(lib_a-errno.o)
                              ./Core/Src/syscalls.o (__errno)
c:/st/stm32cubeide_1.9.0/stm32cubeide/plugins/com.st.stm32cube.ide.mcu.externaltools.gnu-tools-for-stm32.10.3-2021.10.win32_1.0.0.202111181127/tools/bin/../lib/gcc/arm-none-eabi/10.3.1/../../../../arm-none-eabi/lib/thumb/v7e-m+fp/hard\libc_nano.a(lib_a-exit.o)
                              c:/st/stm32cubeide_1.9.0/stm32cubeide/plugins/com.st.stm32cube.ide.mcu.externaltools.gnu-tools-for-stm32.10.3-2021.10.win32_1.0.0.202111181127/tools/bin/../lib/gcc/arm-none-eabi/10.3.1/../../../../arm-none-eabi/lib/thumb/v7e-m+fp/hard/crt0.o (exit)
c:/st/stm32cubeide_1.9.0/stm32cubeide/plugins/com.st.stm32cube.ide.mcu.externaltools.gnu-tools-for-stm32.10.3-2021.10.win32_1.0.0.202111181127/tools/bin/../lib/gcc/arm-none-eabi/10.3.1/../../../../arm-none-eabi/lib/thumb/v7e-m+fp/hard\libc_nano.a(lib_a-impure.o)
                              c:/st/stm32cubeide_1.9.0/stm32cubeide/plugins/com.st.stm32cube.ide.mcu.externaltools.gnu-tools-for-stm32.10.3-2021.10.win32_1.0.0.202111181127/tools/bin/../lib/gcc/arm-none-eabi/10.3.1/../../../../arm-none-eabi/lib/thumb/v7e-m+fp/hard\libc_nano.a(lib_a-exit.o) (_global_impure_ptr)
c:/st/stm32cubeide_1.9.0/stm32cubeide/plugins/com.st.stm32cube.ide.mcu.externaltools.gnu-tools-for-stm32.10.3-2021.10.win32_1.0.0.202111181127/tools/bin/../lib/gcc/arm-none-eabi/10.3.1/../../../../arm-none-eabi/lib/thumb/v7e-m+fp/hard\libc_nano.a(lib_a-init.o)
                              c:/st/stm32cubeide_1.9.0/stm32cubeide/plugins/com.st.stm32cube.ide.mcu.externaltools.gnu-tools-for-stm32.10.3-2021.10.win32_1.0.0.202111181127/tools/bin/../lib/gcc/arm-none-eabi/10.3.1/../../../../arm-none-eabi/lib/thumb/v7e-m+fp/hard/crt0.o (__libc_init_array)
c:/st/stm32cubeide_1.9.0/stm32cubeide/plugins/com.st.stm32cube.ide.mcu.externaltools.gnu-tools-for-stm32.10.3-2021.10.win32_1.0.0.202111181127/tools/bin/../lib/gcc/arm-none-eabi/10.3.1/../../../../arm-none-eabi/lib/thumb/v7e-m+fp/hard\libc_nano.a(lib_a-memset.o)
                              c:/st/stm32cubeide_1.9.0/stm32cubeide/plugins/com.st.stm32cube.ide.mcu.externaltools.gnu-tools-for-stm32.10.3-2021.10.win32_1.0.0.202111181127/tools/bin/../lib/gcc/arm-none-eabi/10.3.1/../../../../arm-none-eabi/lib/thumb/v7e-m+fp/hard/crt0.o (memset)
c:/st/stm32cubeide_1.9.0/stm32cubeide/plugins/com.st.stm32cube.ide.mcu.externaltools.gnu-tools-for-stm32.10.3-2021.10.win32_1.0.0.202111181127/tools/bin/../lib/gcc/arm-none-eabi/10.3.1/thumb/v7e-m+fp/hard\libgcc.a(_aeabi_uldivmod.o)
                              ./Drivers/STM32F4xx_HAL_Driver/Src/stm32f4xx_hal_rcc.o (__aeabi_uldivmod)
c:/st/stm32cubeide_1.9.0/stm32cubeide/plugins/com.st.stm32cube.ide.mcu.externaltools.gnu-tools-for-stm32.10.3-2021.10.win32_1.0.0.202111181127/tools/bin/../lib/gcc/arm-none-eabi/10.3.1/thumb/v7e-m+fp/hard\libgcc.a(_udivmoddi4.o)
                              c:/st/stm32cubeide_1.9.0/stm32cubeide/plugins/com.st.stm32cube.ide.mcu.externaltools.gnu-tools-for-stm32.10.3-2021.10.win32_1.0.0.202111181127/tools/bin/../lib/gcc/arm-none-eabi/10.3.1/thumb/v7e-m+fp/hard\libgcc.a(_aeabi_uldivmod.o) (__udivmoddi4)
c:/st/stm32cubeide_1.9.0/stm32cubeide/plugins/com.st.stm32cube.ide.mcu.externaltools.gnu-tools-for-stm32.10.3-2021.10.win32_1.0.0.202111181127/tools/bin/../lib/gcc/arm-none-eabi/10.3.1/thumb/v7e-m+fp/hard\libgcc.a(_dvmd_tls.o)
                              c:/st/stm32cubeide_1.9.0/stm32cubeide/plugins/com.st.stm32cube.ide.mcu.externaltools.gnu-tools-for-stm32.10.3-2021.10.win32_1.0.0.202111181127/tools/bin/../lib/gcc/arm-none-eabi/10.3.1/thumb/v7e-m+fp/hard\libgcc.a(_aeabi_uldivmod.o) (__aeabi_ldiv0)

Discarded input sections

 .text          0x0000000000000000        0x0 c:/st/stm32cubeide_1.9.0/stm32cubeide/plugins/com.st.stm32cube.ide.mcu.externaltools.gnu-tools-for-stm32.10.3-2021.10.win32_1.0.0.202111181127/tools/bin/../lib/gcc/arm-none-eabi/10.3.1/thumb/v7e-m+fp/hard/crti.o
 .data          0x0000000000000000        0x0 c:/st/stm32cubeide_1.9.0/stm32cubeide/plugins/com.st.stm32cube.ide.mcu.externaltools.gnu-tools-for-stm32.10.3-2021.10.win32_1.0.0.202111181127/tools/bin/../lib/gcc/arm-none-eabi/10.3.1/thumb/v7e-m+fp/hard/crti.o
 .bss           0x0000000000000000        0x0 c:/st/stm32cubeide_1.9.0/stm32cubeide/plugins/com.st.stm32cube.ide.mcu.externaltools.gnu-tools-for-stm32.10.3-2021.10.win32_1.0.0.202111181127/tools/bin/../lib/gcc/arm-none-eabi/10.3.1/thumb/v7e-m+fp/hard/crti.o
[...]
Memory Configuration

Name             Origin             Length             Attributes
CCMRAM           0x0000000010000000 0x0000000000010000 xrw
RAM              0x0000000020000000 0x0000000000020000 xrw
FLASH            0x0000000008000000 0x0000000000100000 xr
*default*        0x0000000000000000 0xffffffffffffffff

Linker script and memory map

LOAD c:/st/stm32cubeide_1.9.0/stm32cubeide/plugins/com.st.stm32cube.ide.mcu.externaltools.gnu-tools-for-stm32.10.3-2021.10.win32_1.0.0.202111181127/tools/bin/../lib/gcc/arm-none-eabi/10.3.1/thumb/v7e-m+fp/hard/crti.o
LOAD c:/st/stm32cubeide_1.9.0/stm32cubeide/plugins/com.st.stm32cube.ide.mcu.externaltools.gnu-tools-for-stm32.10.3-2021.10.win32_1.0.0.202111181127/tools/bin/../lib/gcc/arm-none-eabi/10.3.1/thumb/v7e-m+fp/hard/crtbegin.o
LOAD c:/st/stm32cubeide_1.9.0/stm32cubeide/plugins/com.st.stm32cube.ide.mcu.externaltools.gnu-tools-for-stm32.10.3-2021.10.win32_1.0.0.202111181127/tools/bin/../lib/gcc/arm-none-eabi/10.3.1/../../../../arm-none-eabi/lib/thumb/v7e-m+fp/hard/crt0.o
LOAD ./Core/Src/main.o
LOAD ./Core/Src/stm32f4xx_hal_msp.o
LOAD ./Core/Src/stm32f4xx_it.o
LOAD ./Core/Src/syscalls.o
LOAD ./Core/Src/sysmem.o
LOAD ./Core/Src/system_stm32f4xx.o
LOAD ./Core/Startup/startup_stm32f405rgtx.o
LOAD ./Drivers/STM32F4xx_HAL_Driver/Src/stm32f4xx_hal.o
LOAD ./Drivers/STM32F4xx_HAL_Driver/Src/stm32f4xx_hal_adc.o
LOAD ./Drivers/STM32F4xx_HAL_Driver/Src/stm32f4xx_hal_adc_ex.o
LOAD ./Drivers/STM32F4xx_HAL_Driver/Src/stm32f4xx_hal_cortex.o
LOAD ./Drivers/STM32F4xx_HAL_Driver/Src/stm32f4xx_hal_dma.o
LOAD ./Drivers/STM32F4xx_HAL_Driver/Src/stm32f4xx_hal_dma_ex.o
LOAD ./Drivers/STM32F4xx_HAL_Driver/Src/stm32f4xx_hal_exti.o
LOAD ./Drivers/STM32F4xx_HAL_Driver/Src/stm32f4xx_hal_flash.o
LOAD ./Drivers/STM32F4xx_HAL_Driver/Src/stm32f4xx_hal_flash_ex.o
LOAD ./Drivers/STM32F4xx_HAL_Driver/Src/stm32f4xx_hal_flash_ramfunc.o
LOAD ./Drivers/STM32F4xx_HAL_Driver/Src/stm32f4xx_hal_gpio.o
LOAD ./Drivers/STM32F4xx_HAL_Driver/Src/stm32f4xx_hal_i2c.o
LOAD ./Drivers/STM32F4xx_HAL_Driver/Src/stm32f4xx_hal_i2c_ex.o
LOAD ./Drivers/STM32F4xx_HAL_Driver/Src/stm32f4xx_hal_pcd.o
LOAD ./Drivers/STM32F4xx_HAL_Driver/Src/stm32f4xx_hal_pcd_ex.o
LOAD ./Drivers/STM32F4xx_HAL_Driver/Src/stm32f4xx_hal_pwr.o
LOAD ./Drivers/STM32F4xx_HAL_Driver/Src/stm32f4xx_hal_pwr_ex.o
LOAD ./Drivers/STM32F4xx_HAL_Driver/Src/stm32f4xx_hal_rcc.o
LOAD ./Drivers/STM32F4xx_HAL_Driver/Src/stm32f4xx_hal_rcc_ex.o
LOAD ./Drivers/STM32F4xx_HAL_Driver/Src/stm32f4xx_hal_sd.o
LOAD ./Drivers/STM32F4xx_HAL_Driver/Src/stm32f4xx_hal_spi.o
LOAD ./Drivers/STM32F4xx_HAL_Driver/Src/stm32f4xx_hal_tim.o
LOAD ./Drivers/STM32F4xx_HAL_Driver/Src/stm32f4xx_hal_tim_ex.o
LOAD ./Drivers/STM32F4xx_HAL_Driver/Src/stm32f4xx_hal_uart.o
LOAD ./Drivers/STM32F4xx_HAL_Driver/Src/stm32f4xx_ll_adc.o
LOAD ./Drivers/STM32F4xx_HAL_Driver/Src/stm32f4xx_ll_sdmmc.o
LOAD ./Drivers/STM32F4xx_HAL_Driver/Src/stm32f4xx_ll_usb.o
LOAD ./FATFS/App/fatfs.o
LOAD ./FATFS/Target/bsp_driver_sd.o
LOAD ./FATFS/Target/fatfs_platform.o
LOAD ./FATFS/Target/sd_diskio.o
LOAD ./Middlewares/ST/STM32_USB_Device_Library/Class/CDC/Src/usbd_cdc.o
LOAD ./Middlewares/ST/STM32_USB_Device_Library/Core/Src/usbd_core.o
LOAD ./Middlewares/ST/STM32_USB_Device_Library/Core/Src/usbd_ctlreq.o
LOAD ./Middlewares/ST/STM32_USB_Device_Library/Core/Src/usbd_ioreq.o
LOAD ./Middlewares/Third_Party/FatFs/src/diskio.o
LOAD ./Middlewares/Third_Party/FatFs/src/ff.o
LOAD ./Middlewares/Third_Party/FatFs/src/ff_gen_drv.o
LOAD ./Middlewares/Third_Party/FatFs/src/option/syscall.o
LOAD ./USB_DEVICE/App/usb_device.o
LOAD ./USB_DEVICE/App/usbd_cdc_if.o
LOAD ./USB_DEVICE/App/usbd_desc.o
LOAD ./USB_DEVICE/Target/usbd_conf.o
START GROUP
LOAD c:/st/stm32cubeide_1.9.0/stm32cubeide/plugins/com.st.stm32cube.ide.mcu.externaltools.gnu-tools-for-stm32.10.3-2021.10.win32_1.0.0.202111181127/tools/bin/../lib/gcc/arm-none-eabi/10.3.1/../../../../arm-none-eabi/lib/thumb/v7e-m+fp/hard\libc_nano.a
LOAD c:/st/stm32cubeide_1.9.0/stm32cubeide/plugins/com.st.stm32cube.ide.mcu.externaltools.gnu-tools-for-stm32.10.3-2021.10.win32_1.0.0.202111181127/tools/bin/../lib/gcc/arm-none-eabi/10.3.1/../../../../arm-none-eabi/lib/thumb/v7e-m+fp/hard\libm.a
END GROUP
START GROUP
LOAD c:/st/stm32cubeide_1.9.0/stm32cubeide/plugins/com.st.stm32cube.ide.mcu.externaltools.gnu-tools-for-stm32.10.3-2021.10.win32_1.0.0.202111181127/tools/bin/../lib/gcc/arm-none-eabi/10.3.1/thumb/v7e-m+fp/hard\libgcc.a
LOAD c:/st/stm32cubeide_1.9.0/stm32cubeide/plugins/com.st.stm32cube.ide.mcu.externaltools.gnu-tools-for-stm32.10.3-2021.10.win32_1.0.0.202111181127/tools/bin/../lib/gcc/arm-none-eabi/10.3.1/../../../../arm-none-eabi/lib/thumb/v7e-m+fp/hard\libc_nano.a
END GROUP
START GROUP
LOAD c:/st/stm32cubeide_1.9.0/stm32cubeide/plugins/com.st.stm32cube.ide.mcu.externaltools.gnu-tools-for-stm32.10.3-2021.10.win32_1.0.0.202111181127/tools/bin/../lib/gcc/arm-none-eabi/10.3.1/thumb/v7e-m+fp/hard\libgcc.a
LOAD c:/st/stm32cubeide_1.9.0/stm32cubeide/plugins/com.st.stm32cube.ide.mcu.externaltools.gnu-tools-for-stm32.10.3-2021.10.win32_1.0.0.202111181127/tools/bin/../lib/gcc/arm-none-eabi/10.3.1/../../../../arm-none-eabi/lib/thumb/v7e-m+fp/hard\libc_nano.a
LOAD c:/st/stm32cubeide_1.9.0/stm32cubeide/plugins/com.st.stm32cube.ide.mcu.externaltools.gnu-tools-for-stm32.10.3-2021.10.win32_1.0.0.202111181127/tools/bin/../lib/gcc/arm-none-eabi/10.3.1/../../../../arm-none-eabi/lib/thumb/v7e-m+fp/hard\libnosys.a
END GROUP
START GROUP
LOAD c:/st/stm32cubeide_1.9.0/stm32cubeide/plugins/com.st.stm32cube.ide.mcu.externaltools.gnu-tools-for-stm32.10.3-2021.10.win32_1.0.0.202111181127/tools/bin/../lib/gcc/arm-none-eabi/10.3.1/thumb/v7e-m+fp/hard\libgcc.a
LOAD c:/st/stm32cubeide_1.9.0/stm32cubeide/plugins/com.st.stm32cube.ide.mcu.externaltools.gnu-tools-for-stm32.10.3-2021.10.win32_1.0.0.202111181127/tools/bin/../lib/gcc/arm-none-eabi/10.3.1/../../../../arm-none-eabi/lib/thumb/v7e-m+fp/hard\libc_nano.a
LOAD c:/st/stm32cubeide_1.9.0/stm32cubeide/plugins/com.st.stm32cube.ide.mcu.externaltools.gnu-tools-for-stm32.10.3-2021.10.win32_1.0.0.202111181127/tools/bin/../lib/gcc/arm-none-eabi/10.3.1/../../../../arm-none-eabi/lib/thumb/v7e-m+fp/hard\libnosys.a
END GROUP
LOAD c:/st/stm32cubeide_1.9.0/stm32cubeide/plugins/com.st.stm32cube.ide.mcu.externaltools.gnu-tools-for-stm32.10.3-2021.10.win32_1.0.0.202111181127/tools/bin/../lib/gcc/arm-none-eabi/10.3.1/thumb/v7e-m+fp/hard/crtend.o
LOAD c:/st/stm32cubeide_1.9.0/stm32cubeide/plugins/com.st.stm32cube.ide.mcu.externaltools.gnu-tools-for-stm32.10.3-2021.10.win32_1.0.0.202111181127/tools/bin/../lib/gcc/arm-none-eabi/10.3.1/thumb/v7e-m+fp/hard/crtn.o
                0x0000000020020000                _estack = (ORIGIN (RAM) + LENGTH (RAM))
                0x0000000000000200                _Min_Heap_Size = 0x200
                0x0000000000000400                _Min_Stack_Size = 0x400

.isr_vector     0x0000000008000000      0x188
                0x0000000008000000                . = ALIGN (0x4)
 *(.isr_vector)
 .isr_vector    0x0000000008000000      0x188 ./Core/Startup/startup_stm32f405rgtx.o
                0x0000000008000000                g_pfnVectors
                0x0000000008000188                . = ALIGN (0x4)

.text           0x0000000008000188     0xab48
                0x0000000008000188                . = ALIGN (0x4)
 *(.text)
 .text          0x0000000008000188       0x40 c:/st/stm32cubeide_1.9.0/stm32cubeide/plugins/com.st.stm32cube.ide.mcu.externaltools.gnu-tools-for-stm32.10.3-2021.10.win32_1.0.0.202111181127/tools/bin/../lib/gcc/arm-none-eabi/10.3.1/thumb/v7e-m+fp/hard/crtbegin.o
 .text          0x00000000080001c8       0x30 c:/st/stm32cubeide_1.9.0/stm32cubeide/plugins/com.st.stm32cube.ide.mcu.externaltools.gnu-tools-for-stm32.10.3-2021.10.win32_1.0.0.202111181127/tools/bin/../lib/gcc/arm-none-eabi/10.3.1/thumb/v7e-m+fp/hard\libgcc.a(_aeabi_uldivmod.o)
                0x00000000080001c8                __aeabi_uldivmod
 .text          0x00000000080001f8      0x2d0 c:/st/stm32cubeide_1.9.0/stm32cubeide/plugins/com.st.stm32cube.ide.mcu.externaltools.gnu-tools-for-stm32.10.3-2021.10.win32_1.0.0.202111181127/tools/bin/../lib/gcc/arm-none-eabi/10.3.1/thumb/v7e-m+fp/hard\libgcc.a(_udivmoddi4.o)
                0x00000000080001f8                __udivmoddi4
 .text          0x00000000080004c8        0x4 c:/st/stm32cubeide_1.9.0/stm32cubeide/plugins/com.st.stm32cube.ide.mcu.externaltools.gnu-tools-for-stm32.10.3-2021.10.win32_1.0.0.202111181127/tools/bin/../lib/gcc/arm-none-eabi/10.3.1/thumb/v7e-m+fp/hard\libgcc.a(_dvmd_tls.o)
                0x00000000080004c8                __aeabi_idiv0
                0x00000000080004c8                __aeabi_ldiv0
 *(.text*)
 .text.main     0x00000000080004cc       0x3a ./Core/Src/main.o
                0x00000000080004cc                main
 *fill*         0x0000000008000506        0x2 
 .text.SystemClock_Config
                0x0000000008000508       0xd4 ./Core/Src/main.o
                0x0000000008000508                SystemClock_Config
 .text.MX_ADC2_Init
                0x00000000080005dc       0xa4 ./Core/Src/main.o
 .text.MX_I2C2_Init
                0x0000000008000680       0x5c ./Core/Src/main.o
 .text.MX_SDIO_SD_Init
                0x00000000080006dc       0x40 ./Core/Src/main.o
 .text.MX_SPI1_Init
                0x000000000800071c       0x6c ./Core/Src/main.o
 .text.MX_SPI2_Init
                0x0000000008000788       0x6c ./Core/Src/main.o
 .text.MX_SPI3_Init
                0x00000000080007f4       0x6c ./Core/Src/main.o
 .text.MX_TIM3_Init
                0x0000000008000860       0x9c ./Core/Src/main.o
 .text.MX_USART1_UART_Init
                0x00000000080008fc       0x54 ./Core/Src/main.o
 .text.MX_GPIO_Init
                0x0000000008000950      0x16c ./Core/Src/main.o
 .text.Error_Handler
                0x0000000008000abc        0xa ./Core/Src/main.o
                0x0000000008000abc                Error_Handler
 *fill*         0x0000000008000ac6        0x2 
 .text.HAL_MspInit
                0x0000000008000ac8       0x50 ./Core/Src/stm32f4xx_hal_msp.o
                0x0000000008000ac8                HAL_MspInit
 .text.HAL_ADC_MspInit
                0x0000000008000b18       0xc0 ./Core/Src/stm32f4xx_hal_msp.o
                0x0000000008000b18                HAL_ADC_MspInit
 .text.HAL_I2C_MspInit
                0x0000000008000bd8       0x90 ./Core/Src/stm32f4xx_hal_msp.o
                0x0000000008000bd8                HAL_I2C_MspInit
 .text.HAL_SD_MspInit
                0x0000000008000c68       0xd0 ./Core/Src/stm32f4xx_hal_msp.o
                0x0000000008000c68                HAL_SD_MspInit
 .text.HAL_SPI_MspInit
                0x0000000008000d38      0x1e4 ./Core/Src/stm32f4xx_hal_msp.o
                0x0000000008000d38                HAL_SPI_MspInit
 .text.HAL_TIM_Base_MspInit
                0x0000000008000f1c       0x44 ./Core/Src/stm32f4xx_hal_msp.o
                0x0000000008000f1c                HAL_TIM_Base_MspInit
 .text.HAL_UART_MspInit
                0x0000000008000f60       0x90 ./Core/Src/stm32f4xx_hal_msp.o
                0x0000000008000f60                HAL_UART_MspInit
 .text.NMI_Handler
                0x0000000008000ff0        0x6 ./Core/Src/stm32f4xx_it.o
                0x0000000008000ff0                NMI_Handler
 .text.HardFault_Handler
                0x0000000008000ff6        0x6 ./Core/Src/stm32f4xx_it.o
                0x0000000008000ff6                HardFault_Handler
 .text.MemManage_Handler
                0x0000000008000ffc        0x6 ./Core/Src/stm32f4xx_it.o
                0x0000000008000ffc                MemManage_Handler
 .text.BusFault_Handler
                0x0000000008001002        0x6 ./Core/Src/stm32f4xx_it.o
                0x0000000008001002                BusFault_Handler
 .text.UsageFault_Handler
                0x0000000008001008        0x6 ./Core/Src/stm32f4xx_it.o
                0x0000000008001008                UsageFault_Handler
 .text.SVC_Handler
                0x000000000800100e        0xe ./Core/Src/stm32f4xx_it.o
                0x000000000800100e                SVC_Handler
 .text.DebugMon_Handler
                0x000000000800101c        0xe ./Core/Src/stm32f4xx_it.o
                0x000000000800101c                DebugMon_Handler
 .text.PendSV_Handler
                0x000000000800102a        0xe ./Core/Src/stm32f4xx_it.o
                0x000000000800102a                PendSV_Handler
 .text.SysTick_Handler
                0x0000000008001038        0xc ./Core/Src/stm32f4xx_it.o
                0x0000000008001038                SysTick_Handler
 .text.OTG_HS_IRQHandler
                0x0000000008001044       0x14 ./Core/Src/stm32f4xx_it.o
                0x0000000008001044                OTG_HS_IRQHandler
 .text.SystemInit
                0x0000000008001058       0x24 ./Core/Src/system_stm32f4xx.o
                0x0000000008001058                SystemInit
 .text.Reset_Handler
                0x000000000800107c       0x50 ./Core/Startup/startup_stm32f405rgtx.o
                0x000000000800107c                Reset_Handler
 .text.Default_Handler
                0x00000000080010cc        0x2 ./Core/Startup/startup_stm32f405rgtx.o
                0x00000000080010cc                RTC_Alarm_IRQHandler
                0x00000000080010cc                HASH_RNG_IRQHandler
                0x00000000080010cc                EXTI2_IRQHandler
                0x00000000080010cc                TIM8_CC_IRQHandler
                0x00000000080010cc                TIM1_CC_IRQHandler
                0x00000000080010cc                DMA2_Stream5_IRQHandler
                0x00000000080010cc                DMA1_Stream5_IRQHandler
                0x00000000080010cc                PVD_IRQHandler
                0x00000000080010cc                SDIO_IRQHandler
                0x00000000080010cc                TAMP_STAMP_IRQHandler
                0x00000000080010cc                CAN2_RX1_IRQHandler
                0x00000000080010cc                EXTI3_IRQHandler
                0x00000000080010cc                TIM8_TRG_COM_TIM14_IRQHandler
                0x00000000080010cc                TIM1_UP_TIM10_IRQHandler
                0x00000000080010cc                TIM8_UP_TIM13_IRQHandler
                0x00000000080010cc                I2C3_ER_IRQHandler
                0x00000000080010cc                EXTI0_IRQHandler
                0x00000000080010cc                I2C2_EV_IRQHandler
                0x00000000080010cc                DMA1_Stream2_IRQHandler
                0x00000000080010cc                CAN1_RX0_IRQHandler
                0x00000000080010cc                FPU_IRQHandler
                0x00000000080010cc                OTG_HS_WKUP_IRQHandler
                0x00000000080010cc                CAN2_SCE_IRQHandler
                0x00000000080010cc                DMA2_Stream2_IRQHandler
                0x00000000080010cc                SPI1_IRQHandler
                0x00000000080010cc                TIM6_DAC_IRQHandler
                0x00000000080010cc                TIM1_BRK_TIM9_IRQHandler
                0x00000000080010cc                CAN2_RX0_IRQHandler
                0x00000000080010cc                DMA2_Stream3_IRQHandler
                0x00000000080010cc                USART6_IRQHandler
                0x00000000080010cc                USART3_IRQHandler
                0x00000000080010cc                CAN1_RX1_IRQHandler
                0x00000000080010cc                UART5_IRQHandler
                0x00000000080010cc                DMA2_Stream0_IRQHandler
                0x00000000080010cc                TIM4_IRQHandler
                0x00000000080010cc                I2C1_EV_IRQHandler
                0x00000000080010cc                DMA1_Stream6_IRQHandler
                0x00000000080010cc                DMA1_Stream1_IRQHandler
                0x00000000080010cc                UART4_IRQHandler
                0x00000000080010cc                TIM3_IRQHandler
                0x00000000080010cc                RCC_IRQHandler
                0x00000000080010cc                TIM8_BRK_TIM12_IRQHandler
                0x00000000080010cc                Default_Handler
                0x00000000080010cc                EXTI15_10_IRQHandler
                0x00000000080010cc                ADC_IRQHandler
                0x00000000080010cc                DMA1_Stream7_IRQHandler
                0x00000000080010cc                TIM7_IRQHandler
                0x00000000080010cc                CAN2_TX_IRQHandler
                0x00000000080010cc                TIM5_IRQHandler
                0x00000000080010cc                DMA2_Stream7_IRQHandler
                0x00000000080010cc                I2C3_EV_IRQHandler
                0x00000000080010cc                EXTI9_5_IRQHandler
                0x00000000080010cc                RTC_WKUP_IRQHandler
                0x00000000080010cc                SPI2_IRQHandler
                0x00000000080010cc                OTG_HS_EP1_IN_IRQHandler
                0x00000000080010cc                DMA1_Stream0_IRQHandler
                0x00000000080010cc                CAN1_TX_IRQHandler
                0x00000000080010cc                EXTI4_IRQHandler
                0x00000000080010cc                FSMC_IRQHandler
                0x00000000080010cc                OTG_HS_EP1_OUT_IRQHandler
                0x00000000080010cc                WWDG_IRQHandler
                0x00000000080010cc                TIM2_IRQHandler
                0x00000000080010cc                OTG_FS_WKUP_IRQHandler
                0x00000000080010cc                TIM1_TRG_COM_TIM11_IRQHandler
                0x00000000080010cc                EXTI1_IRQHandler
                0x00000000080010cc                USART2_IRQHandler
                0x00000000080010cc                I2C2_ER_IRQHandler
                0x00000000080010cc                DMA2_Stream1_IRQHandler
                0x00000000080010cc                CAN1_SCE_IRQHandler
                0x00000000080010cc                FLASH_IRQHandler
                0x00000000080010cc                DMA2_Stream4_IRQHandler
                0x00000000080010cc                USART1_IRQHandler
                0x00000000080010cc                OTG_FS_IRQHandler
                0x00000000080010cc                SPI3_IRQHandler
                0x00000000080010cc                DMA1_Stream4_IRQHandler
                0x00000000080010cc                I2C1_ER_IRQHandler
                0x00000000080010cc                DMA2_Stream6_IRQHandler
                0x00000000080010cc                DMA1_Stream3_IRQHandler
 *fill*         0x00000000080010ce        0x2 
 .text.HAL_Init
                0x00000000080010d0       0x44 ./Drivers/STM32F4xx_HAL_Driver/Src/stm32f4xx_hal.o
                0x00000000080010d0                HAL_Init
 .text.HAL_InitTick
                0x0000000008001114       0x60 ./Drivers/STM32F4xx_HAL_Driver/Src/stm32f4xx_hal.o
                0x0000000008001114                HAL_InitTick
 .text.HAL_IncTick
                0x0000000008001174       0x28 ./Drivers/STM32F4xx_HAL_Driver/Src/stm32f4xx_hal.o
                0x0000000008001174                HAL_IncTick
 .text.HAL_GetTick
                0x000000000800119c       0x18 ./Drivers/STM32F4xx_HAL_Driver/Src/stm32f4xx_hal.o
                0x000000000800119c                HAL_GetTick
 .text.HAL_Delay
                0x00000000080011b4       0x48 ./Drivers/STM32F4xx_HAL_Driver/Src/stm32f4xx_hal.o
                0x00000000080011b4                HAL_Delay
 .text.HAL_ADC_Init
                0x00000000080011fc       0x86 ./Drivers/STM32F4xx_HAL_Driver/Src/stm32f4xx_hal_adc.o
                0x00000000080011fc                HAL_ADC_Init
 *fill*         0x0000000008001282        0x2 
 .text.HAL_ADC_ConfigChannel
                0x0000000008001284      0x244 ./Drivers/STM32F4xx_HAL_Driver/Src/stm32f4xx_hal_adc.o
                0x0000000008001284                HAL_ADC_ConfigChannel
 .text.ADC_Init
                0x00000000080014c8      0x1f8 ./Drivers/STM32F4xx_HAL_Driver/Src/stm32f4xx_hal_adc.o
 .text.__NVIC_SetPriorityGrouping
                0x00000000080016c0       0x48 ./Drivers/STM32F4xx_HAL_Driver/Src/stm32f4xx_hal_cortex.o
 .text.__NVIC_GetPriorityGrouping
                0x0000000008001708       0x1c ./Drivers/STM32F4xx_HAL_Driver/Src/stm32f4xx_hal_cortex.o
 .text.__NVIC_EnableIRQ
                0x0000000008001724       0x3c ./Drivers/STM32F4xx_HAL_Driver/Src/stm32f4xx_hal_cortex.o
 .text.__NVIC_SetPriority
                0x0000000008001760       0x54 ./Drivers/STM32F4xx_HAL_Driver/Src/stm32f4xx_hal_cortex.o
 .text.NVIC_EncodePriority
                0x00000000080017b4       0x66 ./Drivers/STM32F4xx_HAL_Driver/Src/stm32f4xx_hal_cortex.o
 *fill*         0x000000000800181a        0x2 
 .text.SysTick_Config
                0x000000000800181c       0x44 ./Drivers/STM32F4xx_HAL_Driver/Src/stm32f4xx_hal_cortex.o
 .text.HAL_NVIC_SetPriorityGrouping
                0x0000000008001860       0x16 ./Drivers/STM32F4xx_HAL_Driver/Src/stm32f4xx_hal_cortex.o
                0x0000000008001860                HAL_NVIC_SetPriorityGrouping
 .text.HAL_NVIC_SetPriority
                0x0000000008001876       0x38 ./Drivers/STM32F4xx_HAL_Driver/Src/stm32f4xx_hal_cortex.o
                0x0000000008001876                HAL_NVIC_SetPriority
 .text.HAL_NVIC_EnableIRQ
                0x00000000080018ae       0x1c ./Drivers/STM32F4xx_HAL_Driver/Src/stm32f4xx_hal_cortex.o
                0x00000000080018ae                HAL_NVIC_EnableIRQ
 .text.HAL_SYSTICK_Config
                0x00000000080018ca       0x18 ./Drivers/STM32F4xx_HAL_Driver/Src/stm32f4xx_hal_cortex.o
                0x00000000080018ca                HAL_SYSTICK_Config
 *fill*         0x00000000080018e2        0x2 
 .text.HAL_GPIO_Init
                0x00000000080018e4      0x338 ./Drivers/STM32F4xx_HAL_Driver/Src/stm32f4xx_hal_gpio.o
                0x00000000080018e4                HAL_GPIO_Init
 .text.HAL_GPIO_ReadPin
                0x0000000008001c1c       0x30 ./Drivers/STM32F4xx_HAL_Driver/Src/stm32f4xx_hal_gpio.o
                0x0000000008001c1c                HAL_GPIO_ReadPin
 .text.HAL_GPIO_WritePin
                0x0000000008001c4c       0x32 ./Drivers/STM32F4xx_HAL_Driver/Src/stm32f4xx_hal_gpio.o
                0x0000000008001c4c                HAL_GPIO_WritePin
 *fill*         0x0000000008001c7e        0x2 
 .text.HAL_I2C_Init
                0x0000000008001c80      0x288 ./Drivers/STM32F4xx_HAL_Driver/Src/stm32f4xx_hal_i2c.o
                0x0000000008001c80                HAL_I2C_Init
 .text.HAL_PCD_Init
                0x0000000008001f08      0x23a ./Drivers/STM32F4xx_HAL_Driver/Src/stm32f4xx_hal_pcd.o
                0x0000000008001f08                HAL_PCD_Init
 .text.HAL_PCD_Start
                0x0000000008002142       0x66 ./Drivers/STM32F4xx_HAL_Driver/Src/stm32f4xx_hal_pcd.o
                0x0000000008002142                HAL_PCD_Start
 .text.HAL_PCD_IRQHandler
                0x00000000080021a8      0x93e ./Drivers/STM32F4xx_HAL_Driver/Src/stm32f4xx_hal_pcd.o
                0x00000000080021a8                HAL_PCD_IRQHandler
 .text.HAL_PCD_SetAddress
                0x0000000008002ae6       0x4a ./Drivers/STM32F4xx_HAL_Driver/Src/stm32f4xx_hal_pcd.o
                0x0000000008002ae6                HAL_PCD_SetAddress
 .text.HAL_PCD_EP_Open
                0x0000000008002b30       0xd0 ./Drivers/STM32F4xx_HAL_Driver/Src/stm32f4xx_hal_pcd.o
                0x0000000008002b30                HAL_PCD_EP_Open
 .text.HAL_PCD_EP_Close
                0x0000000008002c00       0x94 ./Drivers/STM32F4xx_HAL_Driver/Src/stm32f4xx_hal_pcd.o
                0x0000000008002c00                HAL_PCD_EP_Close
 .text.HAL_PCD_EP_Receive
                0x0000000008002c94       0x96 ./Drivers/STM32F4xx_HAL_Driver/Src/stm32f4xx_hal_pcd.o
                0x0000000008002c94                HAL_PCD_EP_Receive
 .text.HAL_PCD_EP_GetRxCount
                0x0000000008002d2a       0x30 ./Drivers/STM32F4xx_HAL_Driver/Src/stm32f4xx_hal_pcd.o
                0x0000000008002d2a                HAL_PCD_EP_GetRxCount
 .text.HAL_PCD_EP_Transmit
                0x0000000008002d5a       0x94 ./Drivers/STM32F4xx_HAL_Driver/Src/stm32f4xx_hal_pcd.o
                0x0000000008002d5a                HAL_PCD_EP_Transmit
 .text.HAL_PCD_EP_SetStall
                0x0000000008002dee       0xc8 ./Drivers/STM32F4xx_HAL_Driver/Src/stm32f4xx_hal_pcd.o
                0x0000000008002dee                HAL_PCD_EP_SetStall
 .text.HAL_PCD_EP_ClrStall
                0x0000000008002eb6       0xac ./Drivers/STM32F4xx_HAL_Driver/Src/stm32f4xx_hal_pcd.o
                0x0000000008002eb6                HAL_PCD_EP_ClrStall
 .text.HAL_PCD_EP_Abort
                0x0000000008002f62       0x62 ./Drivers/STM32F4xx_HAL_Driver/Src/stm32f4xx_hal_pcd.o
                0x0000000008002f62                HAL_PCD_EP_Abort
 .text.PCD_WriteEmptyTxFifo
                0x0000000008002fc4      0x11a ./Drivers/STM32F4xx_HAL_Driver/Src/stm32f4xx_hal_pcd.o
 *fill*         0x00000000080030de        0x2 
 .text.PCD_EP_OutXfrComplete_int
                0x00000000080030e0      0x1d0 ./Drivers/STM32F4xx_HAL_Driver/Src/stm32f4xx_hal_pcd.o
 .text.PCD_EP_OutSetupPacket_int
                0x00000000080032b0       0x8c ./Drivers/STM32F4xx_HAL_Driver/Src/stm32f4xx_hal_pcd.o
 .text.HAL_PCDEx_SetTxFiFo
                0x000000000800333c       0x8e ./Drivers/STM32F4xx_HAL_Driver/Src/stm32f4xx_hal_pcd_ex.o
                0x000000000800333c                HAL_PCDEx_SetTxFiFo
 .text.HAL_PCDEx_SetRxFiFo
                0x00000000080033ca       0x22 ./Drivers/STM32F4xx_HAL_Driver/Src/stm32f4xx_hal_pcd_ex.o
                0x00000000080033ca                HAL_PCDEx_SetRxFiFo
 .text.HAL_PCDEx_LPM_Callback
                0x00000000080033ec       0x18 ./Drivers/STM32F4xx_HAL_Driver/Src/stm32f4xx_hal_pcd_ex.o
                0x00000000080033ec                HAL_PCDEx_LPM_Callback
 .text.HAL_RCC_OscConfig
                0x0000000008003404      0x4f0 ./Drivers/STM32F4xx_HAL_Driver/Src/stm32f4xx_hal_rcc.o
                0x0000000008003404                HAL_RCC_OscConfig
 .text.HAL_RCC_ClockConfig
                0x00000000080038f4      0x1cc ./Drivers/STM32F4xx_HAL_Driver/Src/stm32f4xx_hal_rcc.o
                0x00000000080038f4                HAL_RCC_ClockConfig
 .text.HAL_RCC_GetSysClockFreq
                0x0000000008003ac0      0x18c ./Drivers/STM32F4xx_HAL_Driver/Src/stm32f4xx_hal_rcc.o
                0x0000000008003ac0                HAL_RCC_GetSysClockFreq
 .text.HAL_RCC_GetHCLKFreq
                0x0000000008003c4c       0x18 ./Drivers/STM32F4xx_HAL_Driver/Src/stm32f4xx_hal_rcc.o
                0x0000000008003c4c                HAL_RCC_GetHCLKFreq
 .text.HAL_RCC_GetPCLK1Freq
                0x0000000008003c64       0x28 ./Drivers/STM32F4xx_HAL_Driver/Src/stm32f4xx_hal_rcc.o
                0x0000000008003c64                HAL_RCC_GetPCLK1Freq
 .text.HAL_RCC_GetPCLK2Freq
                0x0000000008003c8c       0x28 ./Drivers/STM32F4xx_HAL_Driver/Src/stm32f4xx_hal_rcc.o
                0x0000000008003c8c                HAL_RCC_GetPCLK2Freq
 .text.HAL_SD_Init
                0x0000000008003cb4       0x60 ./Drivers/STM32F4xx_HAL_Driver/Src/stm32f4xx_hal_sd.o
                0x0000000008003cb4                HAL_SD_Init
 .text.HAL_SD_InitCard
                0x0000000008003d14      0x100 ./Drivers/STM32F4xx_HAL_Driver/Src/stm32f4xx_hal_sd.o
                0x0000000008003d14                HAL_SD_InitCard
 .text.HAL_SD_ReadBlocks
                0x0000000008003e14      0x3bc ./Drivers/STM32F4xx_HAL_Driver/Src/stm32f4xx_hal_sd.o
                0x0000000008003e14                HAL_SD_ReadBlocks
 .text.HAL_SD_WriteBlocks
                0x00000000080041d0      0x30c ./Drivers/STM32F4xx_HAL_Driver/Src/stm32f4xx_hal_sd.o
                0x00000000080041d0                HAL_SD_WriteBlocks
 .text.HAL_SD_GetCardCSD
                0x00000000080044dc      0x348 ./Drivers/STM32F4xx_HAL_Driver/Src/stm32f4xx_hal_sd.o
                0x00000000080044dc                HAL_SD_GetCardCSD
 .text.HAL_SD_GetCardInfo
                0x0000000008004824       0x58 ./Drivers/STM32F4xx_HAL_Driver/Src/stm32f4xx_hal_sd.o
                0x0000000008004824                HAL_SD_GetCardInfo
 .text.HAL_SD_ConfigWideBusOperation
                0x000000000800487c      0x134 ./Drivers/STM32F4xx_HAL_Driver/Src/stm32f4xx_hal_sd.o
                0x000000000800487c                HAL_SD_ConfigWideBusOperation
 .text.HAL_SD_GetCardState
                0x00000000080049b0       0x40 ./Drivers/STM32F4xx_HAL_Driver/Src/stm32f4xx_hal_sd.o
                0x00000000080049b0                HAL_SD_GetCardState
 .text.SD_InitCard
                0x00000000080049f0      0x19c ./Drivers/STM32F4xx_HAL_Driver/Src/stm32f4xx_hal_sd.o
 .text.SD_PowerON
                0x0000000008004b8c      0x11c ./Drivers/STM32F4xx_HAL_Driver/Src/stm32f4xx_hal_sd.o
 .text.SD_SendStatus
                0x0000000008004ca8       0x50 ./Drivers/STM32F4xx_HAL_Driver/Src/stm32f4xx_hal_sd.o
 .text.SD_WideBus_Enable
                0x0000000008004cf8       0x96 ./Drivers/STM32F4xx_HAL_Driver/Src/stm32f4xx_hal_sd.o
 .text.SD_WideBus_Disable
                0x0000000008004d8e       0x96 ./Drivers/STM32F4xx_HAL_Driver/Src/stm32f4xx_hal_sd.o
 .text.SD_FindSCR
                0x0000000008004e24      0x1a6 ./Drivers/STM32F4xx_HAL_Driver/Src/stm32f4xx_hal_sd.o
 .text.HAL_SPI_Init
                0x0000000008004fca      0x112 ./Drivers/STM32F4xx_HAL_Driver/Src/stm32f4xx_hal_spi.o
                0x0000000008004fca                HAL_SPI_Init
 .text.HAL_TIM_Base_Init
                0x00000000080050dc       0x9e ./Drivers/STM32F4xx_HAL_Driver/Src/stm32f4xx_hal_tim.o
                0x00000000080050dc                HAL_TIM_Base_Init
 .text.HAL_TIM_ConfigClockSource
                0x000000000800517a      0x18e ./Drivers/STM32F4xx_HAL_Driver/Src/stm32f4xx_hal_tim.o
                0x000000000800517a                HAL_TIM_ConfigClockSource
 .text.TIM_Base_SetConfig
                0x0000000008005308      0x140 ./Drivers/STM32F4xx_HAL_Driver/Src/stm32f4xx_hal_tim.o
                0x0000000008005308                TIM_Base_SetConfig
 .text.TIM_TI1_ConfigInputStage
                0x0000000008005448       0x5e ./Drivers/STM32F4xx_HAL_Driver/Src/stm32f4xx_hal_tim.o
 .text.TIM_TI2_ConfigInputStage
                0x00000000080054a6       0x60 ./Drivers/STM32F4xx_HAL_Driver/Src/stm32f4xx_hal_tim.o
 .text.TIM_ITRx_SetConfig
                0x0000000008005506       0x36 ./Drivers/STM32F4xx_HAL_Driver/Src/stm32f4xx_hal_tim.o
 .text.TIM_ETR_SetConfig
                0x000000000800553c       0x40 ./Drivers/STM32F4xx_HAL_Driver/Src/stm32f4xx_hal_tim.o
                0x000000000800553c                TIM_ETR_SetConfig
 .text.HAL_TIMEx_MasterConfigSynchronization
                0x000000000800557c       0xf8 ./Drivers/STM32F4xx_HAL_Driver/Src/stm32f4xx_hal_tim_ex.o
                0x000000000800557c                HAL_TIMEx_MasterConfigSynchronization
 .text.HAL_UART_Init
                0x0000000008005674       0x9a ./Drivers/STM32F4xx_HAL_Driver/Src/stm32f4xx_hal_uart.o
                0x0000000008005674                HAL_UART_Init
 *fill*         0x000000000800570e        0x2 
 .text.UART_SetConfig
                0x0000000008005710      0x4e8 ./Drivers/STM32F4xx_HAL_Driver/Src/stm32f4xx_hal_uart.o
 .text.SDIO_Init
                0x0000000008005bf8       0x56 ./Drivers/STM32F4xx_HAL_Driver/Src/stm32f4xx_ll_sdmmc.o
                0x0000000008005bf8                SDIO_Init
 .text.SDIO_ReadFIFO
                0x0000000008005c4e       0x1a ./Drivers/STM32F4xx_HAL_Driver/Src/stm32f4xx_ll_sdmmc.o
                0x0000000008005c4e                SDIO_ReadFIFO
 .text.SDIO_WriteFIFO
                0x0000000008005c68       0x22 ./Drivers/STM32F4xx_HAL_Driver/Src/stm32f4xx_ll_sdmmc.o
                0x0000000008005c68                SDIO_WriteFIFO
 .text.SDIO_PowerState_ON
                0x0000000008005c8a       0x1c ./Drivers/STM32F4xx_HAL_Driver/Src/stm32f4xx_ll_sdmmc.o
                0x0000000008005c8a                SDIO_PowerState_ON
 .text.SDIO_GetPowerState
                0x0000000008005ca6       0x1c ./Drivers/STM32F4xx_HAL_Driver/Src/stm32f4xx_ll_sdmmc.o
                0x0000000008005ca6                SDIO_GetPowerState
 .text.SDIO_SendCommand
                0x0000000008005cc2       0x54 ./Drivers/STM32F4xx_HAL_Driver/Src/stm32f4xx_ll_sdmmc.o
                0x0000000008005cc2                SDIO_SendCommand
 .text.SDIO_GetCommandResponse
                0x0000000008005d16       0x1a ./Drivers/STM32F4xx_HAL_Driver/Src/stm32f4xx_ll_sdmmc.o
                0x0000000008005d16                SDIO_GetCommandResponse
 .text.SDIO_GetResponse
                0x0000000008005d30       0x26 ./Drivers/STM32F4xx_HAL_Driver/Src/stm32f4xx_ll_sdmmc.o
                0x0000000008005d30                SDIO_GetResponse
 .text.SDIO_ConfigData
                0x0000000008005d56       0x58 ./Drivers/STM32F4xx_HAL_Driver/Src/stm32f4xx_ll_sdmmc.o
                0x0000000008005d56                SDIO_ConfigData
 .text.SDMMC_CmdBlockLength
                0x0000000008005dae       0x44 ./Drivers/STM32F4xx_HAL_Driver/Src/stm32f4xx_ll_sdmmc.o
                0x0000000008005dae                SDMMC_CmdBlockLength
 .text.SDMMC_CmdReadSingleBlock
                0x0000000008005df2       0x44 ./Drivers/STM32F4xx_HAL_Driver/Src/stm32f4xx_ll_sdmmc.o
                0x0000000008005df2                SDMMC_CmdReadSingleBlock
 .text.SDMMC_CmdReadMultiBlock
                0x0000000008005e36       0x44 ./Drivers/STM32F4xx_HAL_Driver/Src/stm32f4xx_ll_sdmmc.o
                0x0000000008005e36                SDMMC_CmdReadMultiBlock
 .text.SDMMC_CmdWriteSingleBlock
                0x0000000008005e7a       0x44 ./Drivers/STM32F4xx_HAL_Driver/Src/stm32f4xx_ll_sdmmc.o
                0x0000000008005e7a                SDMMC_CmdWriteSingleBlock
 .text.SDMMC_CmdWriteMultiBlock
                0x0000000008005ebe       0x44 ./Drivers/STM32F4xx_HAL_Driver/Src/stm32f4xx_ll_sdmmc.o
                0x0000000008005ebe                SDMMC_CmdWriteMultiBlock
 *fill*         0x0000000008005f02        0x2 
 .text.SDMMC_CmdStopTransfer
                0x0000000008005f04       0x44 ./Drivers/STM32F4xx_HAL_Driver/Src/stm32f4xx_ll_sdmmc.o
                0x0000000008005f04                SDMMC_CmdStopTransfer
 .text.SDMMC_CmdSelDesel
                0x0000000008005f48       0x46 ./Drivers/STM32F4xx_HAL_Driver/Src/stm32f4xx_ll_sdmmc.o
                0x0000000008005f48                SDMMC_CmdSelDesel
 .text.SDMMC_CmdGoIdleState
                0x0000000008005f8e       0x3c ./Drivers/STM32F4xx_HAL_Driver/Src/stm32f4xx_ll_sdmmc.o
                0x0000000008005f8e                SDMMC_CmdGoIdleState
 .text.SDMMC_CmdOperCond
                0x0000000008005fca       0x3e ./Drivers/STM32F4xx_HAL_Driver/Src/stm32f4xx_ll_sdmmc.o
                0x0000000008005fca                SDMMC_CmdOperCond
 .text.SDMMC_CmdAppCommand
                0x0000000008006008       0x44 ./Drivers/STM32F4xx_HAL_Driver/Src/stm32f4xx_ll_sdmmc.o
                0x0000000008006008                SDMMC_CmdAppCommand
 .text.SDMMC_CmdAppOperCommand
                0x000000000800604c       0x46 ./Drivers/STM32F4xx_HAL_Driver/Src/stm32f4xx_ll_sdmmc.o
                0x000000000800604c                SDMMC_CmdAppOperCommand
 .text.SDMMC_CmdBusWidth
                0x0000000008006092       0x44 ./Drivers/STM32F4xx_HAL_Driver/Src/stm32f4xx_ll_sdmmc.o
                0x0000000008006092                SDMMC_CmdBusWidth
 .text.SDMMC_CmdSendSCR
                0x00000000080060d6       0x42 ./Drivers/STM32F4xx_HAL_Driver/Src/stm32f4xx_ll_sdmmc.o
                0x00000000080060d6                SDMMC_CmdSendSCR
 .text.SDMMC_CmdSendCID
                0x0000000008006118       0x3c ./Drivers/STM32F4xx_HAL_Driver/Src/stm32f4xx_ll_sdmmc.o
                0x0000000008006118                SDMMC_CmdSendCID
 .text.SDMMC_CmdSendCSD
                0x0000000008006154       0x3e ./Drivers/STM32F4xx_HAL_Driver/Src/stm32f4xx_ll_sdmmc.o
                0x0000000008006154                SDMMC_CmdSendCSD
 .text.SDMMC_CmdSetRelAdd
                0x0000000008006192       0x42 ./Drivers/STM32F4xx_HAL_Driver/Src/stm32f4xx_ll_sdmmc.o
                0x0000000008006192                SDMMC_CmdSetRelAdd
 .text.SDMMC_CmdSendStatus
                0x00000000080061d4       0x44 ./Drivers/STM32F4xx_HAL_Driver/Src/stm32f4xx_ll_sdmmc.o
                0x00000000080061d4                SDMMC_CmdSendStatus
 .text.SDMMC_GetCmdResp1
                0x0000000008006218      0x1dc ./Drivers/STM32F4xx_HAL_Driver/Src/stm32f4xx_ll_sdmmc.o
                0x0000000008006218                SDMMC_GetCmdResp1
 .text.SDMMC_GetCmdResp2
                0x00000000080063f4       0x90 ./Drivers/STM32F4xx_HAL_Driver/Src/stm32f4xx_ll_sdmmc.o
                0x00000000080063f4                SDMMC_GetCmdResp2
 .text.SDMMC_GetCmdResp3
                0x0000000008006484       0x7c ./Drivers/STM32F4xx_HAL_Driver/Src/stm32f4xx_ll_sdmmc.o
                0x0000000008006484                SDMMC_GetCmdResp3
 .text.SDMMC_GetCmdResp6
                0x0000000008006500       0xec ./Drivers/STM32F4xx_HAL_Driver/Src/stm32f4xx_ll_sdmmc.o
                0x0000000008006500                SDMMC_GetCmdResp6
 .text.SDMMC_GetCmdResp7
                0x00000000080065ec       0x9c ./Drivers/STM32F4xx_HAL_Driver/Src/stm32f4xx_ll_sdmmc.o
                0x00000000080065ec                SDMMC_GetCmdResp7
 .text.SDMMC_GetCmdError
                0x0000000008006688       0x58 ./Drivers/STM32F4xx_HAL_Driver/Src/stm32f4xx_ll_sdmmc.o
 .text.USB_CoreInit
                0x00000000080066e0       0xc2 ./Drivers/STM32F4xx_HAL_Driver/Src/stm32f4xx_ll_usb.o
                0x00000000080066e0                USB_CoreInit
 *fill*         0x00000000080067a2        0x2 
 .text.USB_SetTurnaroundTime
                0x00000000080067a4      0x144 ./Drivers/STM32F4xx_HAL_Driver/Src/stm32f4xx_ll_usb.o
                0x00000000080067a4                USB_SetTurnaroundTime
 .text.USB_EnableGlobalInt
                0x00000000080068e8       0x22 ./Drivers/STM32F4xx_HAL_Driver/Src/stm32f4xx_ll_usb.o
                0x00000000080068e8                USB_EnableGlobalInt
 .text.USB_DisableGlobalInt
                0x000000000800690a       0x22 ./Drivers/STM32F4xx_HAL_Driver/Src/stm32f4xx_ll_usb.o
                0x000000000800690a                USB_DisableGlobalInt
 .text.USB_SetCurrentMode
                0x000000000800692c       0x98 ./Drivers/STM32F4xx_HAL_Driver/Src/stm32f4xx_ll_usb.o
                0x000000000800692c                USB_SetCurrentMode
 .text.USB_DevInit
                0x00000000080069c4      0x2c8 ./Drivers/STM32F4xx_HAL_Driver/Src/stm32f4xx_ll_usb.o
                0x00000000080069c4                USB_DevInit
 .text.USB_FlushTxFifo
                0x0000000008006c8c       0x68 ./Drivers/STM32F4xx_HAL_Driver/Src/stm32f4xx_ll_usb.o
                0x0000000008006c8c                USB_FlushTxFifo
 .text.USB_FlushRxFifo
                0x0000000008006cf4       0x60 ./Drivers/STM32F4xx_HAL_Driver/Src/stm32f4xx_ll_usb.o
                0x0000000008006cf4                USB_FlushRxFifo
 .text.USB_SetDevSpeed
                0x0000000008006d54       0x32 ./Drivers/STM32F4xx_HAL_Driver/Src/stm32f4xx_ll_usb.o
                0x0000000008006d54                USB_SetDevSpeed
 .text.USB_GetDevSpeed
                0x0000000008006d86       0x4a ./Drivers/STM32F4xx_HAL_Driver/Src/stm32f4xx_ll_usb.o
                0x0000000008006d86                USB_GetDevSpeed
 .text.USB_ActivateEndpoint
                0x0000000008006dd0      0x10e ./Drivers/STM32F4xx_HAL_Driver/Src/stm32f4xx_ll_usb.o
                0x0000000008006dd0                USB_ActivateEndpoint
 *fill*         0x0000000008006ede        0x2 
 .text.USB_DeactivateEndpoint
                0x0000000008006ee0      0x1b8 ./Drivers/STM32F4xx_HAL_Driver/Src/stm32f4xx_ll_usb.o
                0x0000000008006ee0                USB_DeactivateEndpoint
 .text.USB_EPStartXfer
                0x0000000008007098      0x490 ./Drivers/STM32F4xx_HAL_Driver/Src/stm32f4xx_ll_usb.o
                0x0000000008007098                USB_EPStartXfer
 .text.USB_EP0StartXfer
                0x0000000008007528      0x2b0 ./Drivers/STM32F4xx_HAL_Driver/Src/stm32f4xx_ll_usb.o
                0x0000000008007528                USB_EP0StartXfer
 .text.USB_EPStopXfer
                0x00000000080077d8      0x154 ./Drivers/STM32F4xx_HAL_Driver/Src/stm32f4xx_ll_usb.o
                0x00000000080077d8                USB_EPStopXfer
 .text.USB_WritePacket
                0x000000000800792c       0x7c ./Drivers/STM32F4xx_HAL_Driver/Src/stm32f4xx_ll_usb.o
                0x000000000800792c                USB_WritePacket
 .text.USB_ReadPacket
                0x00000000080079a8       0xb0 ./Drivers/STM32F4xx_HAL_Driver/Src/stm32f4xx_ll_usb.o
                0x00000000080079a8                USB_ReadPacket
 .text.USB_EPSetStall
                0x0000000008007a58       0xdc ./Drivers/STM32F4xx_HAL_Driver/Src/stm32f4xx_ll_usb.o
                0x0000000008007a58                USB_EPSetStall
 .text.USB_EPClearStall
                0x0000000008007b34       0xcc ./Drivers/STM32F4xx_HAL_Driver/Src/stm32f4xx_ll_usb.o
                0x0000000008007b34                USB_EPClearStall
 .text.USB_SetDevAddress
                0x0000000008007c00       0x4c ./Drivers/STM32F4xx_HAL_Driver/Src/stm32f4xx_ll_usb.o
                0x0000000008007c00                USB_SetDevAddress
 .text.USB_DevConnect
                0x0000000008007c4c       0x42 ./Drivers/STM32F4xx_HAL_Driver/Src/stm32f4xx_ll_usb.o
                0x0000000008007c4c                USB_DevConnect
 .text.USB_DevDisconnect
                0x0000000008007c8e       0x42 ./Drivers/STM32F4xx_HAL_Driver/Src/stm32f4xx_ll_usb.o
                0x0000000008007c8e                USB_DevDisconnect
 .text.USB_ReadInterrupts
                0x0000000008007cd0       0x26 ./Drivers/STM32F4xx_HAL_Driver/Src/stm32f4xx_ll_usb.o
                0x0000000008007cd0                USB_ReadInterrupts
 .text.USB_ReadDevAllOutEpInterrupt
                0x0000000008007cf6       0x34 ./Drivers/STM32F4xx_HAL_Driver/Src/stm32f4xx_ll_usb.o
                0x0000000008007cf6                USB_ReadDevAllOutEpInterrupt
 .text.USB_ReadDevAllInEpInterrupt
                0x0000000008007d2a       0x34 ./Drivers/STM32F4xx_HAL_Driver/Src/stm32f4xx_ll_usb.o
                0x0000000008007d2a                USB_ReadDevAllInEpInterrupt
 .text.USB_ReadDevOutEPInterrupt
                0x0000000008007d5e       0x3c ./Drivers/STM32F4xx_HAL_Driver/Src/stm32f4xx_ll_usb.o
                0x0000000008007d5e                USB_ReadDevOutEPInterrupt
 .text.USB_ReadDevInEPInterrupt
                0x0000000008007d9a       0x5c ./Drivers/STM32F4xx_HAL_Driver/Src/stm32f4xx_ll_usb.o
                0x0000000008007d9a                USB_ReadDevInEPInterrupt
 .text.USB_GetMode
                0x0000000008007df6       0x1c ./Drivers/STM32F4xx_HAL_Driver/Src/stm32f4xx_ll_usb.o
                0x0000000008007df6                USB_GetMode
 .text.USB_ActivateSetup
                0x0000000008007e12       0x46 ./Drivers/STM32F4xx_HAL_Driver/Src/stm32f4xx_ll_usb.o
                0x0000000008007e12                USB_ActivateSetup
 .text.USB_EP0_OutStart
                0x0000000008007e58       0xbc ./Drivers/STM32F4xx_HAL_Driver/Src/stm32f4xx_ll_usb.o
                0x0000000008007e58                USB_EP0_OutStart
 .text.USB_CoreReset
                0x0000000008007f14       0x68 ./Drivers/STM32F4xx_HAL_Driver/Src/stm32f4xx_ll_usb.o
 .text.MX_FATFS_Init
                0x0000000008007f7c       0x24 ./FATFS/App/fatfs.o
                0x0000000008007f7c                MX_FATFS_Init
 .text.BSP_SD_Init
                0x0000000008007fa0       0x4c ./FATFS/Target/bsp_driver_sd.o
                0x0000000008007fa0                BSP_SD_Init
 .text.BSP_SD_ReadBlocks
                0x0000000008007fec       0x3c ./FATFS/Target/bsp_driver_sd.o
                0x0000000008007fec                BSP_SD_ReadBlocks
 .text.BSP_SD_WriteBlocks
                0x0000000008008028       0x3c ./FATFS/Target/bsp_driver_sd.o
                0x0000000008008028                BSP_SD_WriteBlocks
 .text.BSP_SD_GetCardState
                0x0000000008008064       0x20 ./FATFS/Target/bsp_driver_sd.o
                0x0000000008008064                BSP_SD_GetCardState
 .text.BSP_SD_GetCardInfo
                0x0000000008008084       0x1c ./FATFS/Target/bsp_driver_sd.o
                0x0000000008008084                BSP_SD_GetCardInfo
 .text.BSP_SD_IsDetected
                0x00000000080080a0       0x24 ./FATFS/Target/bsp_driver_sd.o
                0x00000000080080a0                BSP_SD_IsDetected
 .text.BSP_PlatformIsDetected
                0x00000000080080c4       0x2c ./FATFS/Target/fatfs_platform.o
                0x00000000080080c4                BSP_PlatformIsDetected
 .text.SD_CheckStatus
                0x00000000080080f0       0x3c ./FATFS/Target/sd_diskio.o
 .text.SD_initialize
                0x000000000800812c       0x3c ./FATFS/Target/sd_diskio.o
                0x000000000800812c                SD_initialize
 .text.SD_status
                0x0000000008008168       0x1c ./FATFS/Target/sd_diskio.o
                0x0000000008008168                SD_status
 .text.SD_read  0x0000000008008184       0x42 ./FATFS/Target/sd_diskio.o
                0x0000000008008184                SD_read
 .text.SD_write
                0x00000000080081c6       0x42 ./FATFS/Target/sd_diskio.o
                0x00000000080081c6                SD_write
 .text.SD_ioctl
                0x0000000008008208       0xb0 ./FATFS/Target/sd_diskio.o
                0x0000000008008208                SD_ioctl
 .text.USBD_CDC_Init
                0x00000000080082b8      0x1f0 ./Middlewares/ST/STM32_USB_Device_Library/Class/CDC/Src/usbd_cdc.o
 .text.USBD_CDC_DeInit
                0x00000000080084a8      0x104 ./Middlewares/ST/STM32_USB_Device_Library/Class/CDC/Src/usbd_cdc.o
 .text.USBD_CDC_Setup
                0x00000000080085ac      0x1b8 ./Middlewares/ST/STM32_USB_Device_Library/Class/CDC/Src/usbd_cdc.o
 .text.USBD_CDC_DataIn
                0x0000000008008764       0xfe ./Middlewares/ST/STM32_USB_Device_Library/Class/CDC/Src/usbd_cdc.o
 .text.USBD_CDC_DataOut
                0x0000000008008862       0x70 ./Middlewares/ST/STM32_USB_Device_Library/Class/CDC/Src/usbd_cdc.o
 .text.USBD_CDC_EP0_RxReady
                0x00000000080088d2       0x76 ./Middlewares/ST/STM32_USB_Device_Library/Class/CDC/Src/usbd_cdc.o
 .text.USBD_CDC_GetFSCfgDesc
                0x0000000008008948       0x70 ./Middlewares/ST/STM32_USB_Device_Library/Class/CDC/Src/usbd_cdc.o
 .text.USBD_CDC_GetHSCfgDesc
                0x00000000080089b8       0x70 ./Middlewares/ST/STM32_USB_Device_Library/Class/CDC/Src/usbd_cdc.o
 .text.USBD_CDC_GetOtherSpeedCfgDesc
                0x0000000008008a28       0x70 ./Middlewares/ST/STM32_USB_Device_Library/Class/CDC/Src/usbd_cdc.o
 .text.USBD_CDC_GetDeviceQualifierDescriptor
                0x0000000008008a98       0x20 ./Middlewares/ST/STM32_USB_Device_Library/Class/CDC/Src/usbd_cdc.o
                0x0000000008008a98                USBD_CDC_GetDeviceQualifierDescriptor
 .text.USBD_CDC_RegisterInterface
                0x0000000008008ab8       0x34 ./Middlewares/ST/STM32_USB_Device_Library/Class/CDC/Src/usbd_cdc.o
                0x0000000008008ab8                USBD_CDC_RegisterInterface
 .text.USBD_CDC_SetTxBuffer
                0x0000000008008aec       0x44 ./Middlewares/ST/STM32_USB_Device_Library/Class/CDC/Src/usbd_cdc.o
                0x0000000008008aec                USBD_CDC_SetTxBuffer
 .text.USBD_CDC_SetRxBuffer
                0x0000000008008b30       0x3a ./Middlewares/ST/STM32_USB_Device_Library/Class/CDC/Src/usbd_cdc.o
                0x0000000008008b30                USBD_CDC_SetRxBuffer
 *fill*         0x0000000008008b6a        0x2 
 .text.USBD_CDC_ReceivePacket
                0x0000000008008b6c       0x6c ./Middlewares/ST/STM32_USB_Device_Library/Class/CDC/Src/usbd_cdc.o
                0x0000000008008b6c                USBD_CDC_ReceivePacket
 .text.USBD_Init
                0x0000000008008bd8       0x60 ./Middlewares/ST/STM32_USB_Device_Library/Core/Src/usbd_core.o
                0x0000000008008bd8                USBD_Init
 .text.USBD_RegisterClass
                0x0000000008008c38       0x6c ./Middlewares/ST/STM32_USB_Device_Library/Core/Src/usbd_core.o
                0x0000000008008c38                USBD_RegisterClass
 .text.USBD_Start
                0x0000000008008ca4       0x18 ./Middlewares/ST/STM32_USB_Device_Library/Core/Src/usbd_core.o
                0x0000000008008ca4                USBD_Start
 .text.USBD_RunTestMode
                0x0000000008008cbc       0x16 ./Middlewares/ST/STM32_USB_Device_Library/Core/Src/usbd_core.o
                0x0000000008008cbc                USBD_RunTestMode
 .text.USBD_SetClassConfig
                0x0000000008008cd2       0x38 ./Middlewares/ST/STM32_USB_Device_Library/Core/Src/usbd_core.o
                0x0000000008008cd2                USBD_SetClassConfig
 .text.USBD_ClrClassConfig
                0x0000000008008d0a       0x34 ./Middlewares/ST/STM32_USB_Device_Library/Core/Src/usbd_core.o
                0x0000000008008d0a                USBD_ClrClassConfig
 .text.USBD_LL_SetupStage
                0x0000000008008d3e       0xaa ./Middlewares/ST/STM32_USB_Device_Library/Core/Src/usbd_core.o
                0x0000000008008d3e                USBD_LL_SetupStage
 .text.USBD_LL_DataOutStage
                0x0000000008008de8      0x166 ./Middlewares/ST/STM32_USB_Device_Library/Core/Src/usbd_core.o
                0x0000000008008de8                USBD_LL_DataOutStage
 .text.USBD_LL_DataInStage
                0x0000000008008f4e      0x164 ./Middlewares/ST/STM32_USB_Device_Library/Core/Src/usbd_core.o
                0x0000000008008f4e                USBD_LL_DataInStage
 .text.USBD_LL_Reset
                0x00000000080090b2       0xa4 ./Middlewares/ST/STM32_USB_Device_Library/Core/Src/usbd_core.o
                0x00000000080090b2                USBD_LL_Reset
 .text.USBD_LL_SetSpeed
                0x0000000008009156       0x20 ./Middlewares/ST/STM32_USB_Device_Library/Core/Src/usbd_core.o
                0x0000000008009156                USBD_LL_SetSpeed
 .text.USBD_LL_Suspend
                0x0000000008009176       0x2c ./Middlewares/ST/STM32_USB_Device_Library/Core/Src/usbd_core.o
                0x0000000008009176                USBD_LL_Suspend
 .text.USBD_LL_Resume
                0x00000000080091a2       0x30 ./Middlewares/ST/STM32_USB_Device_Library/Core/Src/usbd_core.o
                0x00000000080091a2                USBD_LL_Resume
 .text.USBD_LL_SOF
                0x00000000080091d2       0x40 ./Middlewares/ST/STM32_USB_Device_Library/Core/Src/usbd_core.o
                0x00000000080091d2                USBD_LL_SOF
 .text.USBD_LL_IsoINIncomplete
                0x0000000008009212       0x64 ./Middlewares/ST/STM32_USB_Device_Library/Core/Src/usbd_core.o
                0x0000000008009212                USBD_LL_IsoINIncomplete
 .text.USBD_LL_IsoOUTIncomplete
                0x0000000008009276       0x64 ./Middlewares/ST/STM32_USB_Device_Library/Core/Src/usbd_core.o
                0x0000000008009276                USBD_LL_IsoOUTIncomplete
 .text.USBD_LL_DevConnected
                0x00000000080092da       0x16 ./Middlewares/ST/STM32_USB_Device_Library/Core/Src/usbd_core.o
                0x00000000080092da                USBD_LL_DevConnected
 .text.USBD_LL_DevDisconnected
                0x00000000080092f0       0x46 ./Middlewares/ST/STM32_USB_Device_Library/Core/Src/usbd_core.o
                0x00000000080092f0                USBD_LL_DevDisconnected
 .text.USBD_CoreFindIF
                0x0000000008009336       0x1a ./Middlewares/ST/STM32_USB_Device_Library/Core/Src/usbd_core.o
                0x0000000008009336                USBD_CoreFindIF
 .text.USBD_CoreFindEP
                0x0000000008009350       0x1a ./Middlewares/ST/STM32_USB_Device_Library/Core/Src/usbd_core.o
                0x0000000008009350                USBD_CoreFindEP
 .text.USBD_GetEpDesc
                0x000000000800936a       0x74 ./Middlewares/ST/STM32_USB_Device_Library/Core/Src/usbd_core.o
                0x000000000800936a                USBD_GetEpDesc
 .text.USBD_GetNextDesc
                0x00000000080093de       0x3a ./Middlewares/ST/STM32_USB_Device_Library/Core/Src/usbd_core.o
                0x00000000080093de                USBD_GetNextDesc
 .text.SWAPBYTE
                0x0000000008009418       0x3c ./Middlewares/ST/STM32_USB_Device_Library/Core/Src/usbd_ctlreq.o
 .text.USBD_StdDevReq
                0x0000000008009454       0xe4 ./Middlewares/ST/STM32_USB_Device_Library/Core/Src/usbd_ctlreq.o
                0x0000000008009454                USBD_StdDevReq
 .text.USBD_StdItfReq
                0x0000000008009538       0xd8 ./Middlewares/ST/STM32_USB_Device_Library/Core/Src/usbd_ctlreq.o
                0x0000000008009538                USBD_StdItfReq
 .text.USBD_StdEPReq
                0x0000000008009610      0x33a ./Middlewares/ST/STM32_USB_Device_Library/Core/Src/usbd_ctlreq.o
                0x0000000008009610                USBD_StdEPReq
 *fill*         0x000000000800994a        0x2 
 .text.USBD_GetDescriptor
                0x000000000800994c      0x2d4 ./Middlewares/ST/STM32_USB_Device_Library/Core/Src/usbd_ctlreq.o
 .text.USBD_SetAddress
                0x0000000008009c20       0x88 ./Middlewares/ST/STM32_USB_Device_Library/Core/Src/usbd_ctlreq.o
 .text.USBD_SetConfig
                0x0000000008009ca8      0x154 ./Middlewares/ST/STM32_USB_Device_Library/Core/Src/usbd_ctlreq.o
 .text.USBD_GetConfig
                0x0000000008009dfc       0x6c ./Middlewares/ST/STM32_USB_Device_Library/Core/Src/usbd_ctlreq.o
 .text.USBD_GetStatus
                0x0000000008009e68       0x68 ./Middlewares/ST/STM32_USB_Device_Library/Core/Src/usbd_ctlreq.o
 .text.USBD_SetFeature
                0x0000000008009ed0       0x52 ./Middlewares/ST/STM32_USB_Device_Library/Core/Src/usbd_ctlreq.o
 .text.USBD_ClrFeature
                0x0000000008009f22       0x44 ./Middlewares/ST/STM32_USB_Device_Library/Core/Src/usbd_ctlreq.o
 .text.USBD_ParseSetupRequest
                0x0000000008009f66       0x74 ./Middlewares/ST/STM32_USB_Device_Library/Core/Src/usbd_ctlreq.o
                0x0000000008009f66                USBD_ParseSetupRequest
 .text.USBD_CtlError
                0x0000000008009fda       0x22 ./Middlewares/ST/STM32_USB_Device_Library/Core/Src/usbd_ctlreq.o
                0x0000000008009fda                USBD_CtlError
 .text.USBD_GetString
                0x0000000008009ffc       0x8c ./Middlewares/ST/STM32_USB_Device_Library/Core/Src/usbd_ctlreq.o
                0x0000000008009ffc                USBD_GetString
 .text.USBD_GetLen
                0x000000000800a088       0x34 ./Middlewares/ST/STM32_USB_Device_Library/Core/Src/usbd_ctlreq.o
 .text.USBD_CtlSendData
                0x000000000800a0bc       0x36 ./Middlewares/ST/STM32_USB_Device_Library/Core/Src/usbd_ioreq.o
                0x000000000800a0bc                USBD_CtlSendData
 .text.USBD_CtlContinueSendData
                0x000000000800a0f2       0x22 ./Middlewares/ST/STM32_USB_Device_Library/Core/Src/usbd_ioreq.o
                0x000000000800a0f2                USBD_CtlContinueSendData
 .text.USBD_CtlPrepareRx
                0x000000000800a114       0x3a ./Middlewares/ST/STM32_USB_Device_Library/Core/Src/usbd_ioreq.o
                0x000000000800a114                USBD_CtlPrepareRx
 .text.USBD_CtlContinueRx
                0x000000000800a14e       0x22 ./Middlewares/ST/STM32_USB_Device_Library/Core/Src/usbd_ioreq.o
                0x000000000800a14e                USBD_CtlContinueRx
 .text.USBD_CtlSendStatus
                0x000000000800a170       0x26 ./Middlewares/ST/STM32_USB_Device_Library/Core/Src/usbd_ioreq.o
                0x000000000800a170                USBD_CtlSendStatus
 .text.USBD_CtlReceiveStatus
                0x000000000800a196       0x26 ./Middlewares/ST/STM32_USB_Device_Library/Core/Src/usbd_ioreq.o
                0x000000000800a196                USBD_CtlReceiveStatus
 .text.FATFS_LinkDriverEx
                0x000000000800a1bc       0x98 ./Middlewares/Third_Party/FatFs/src/ff_gen_drv.o
                0x000000000800a1bc                FATFS_LinkDriverEx
 .text.FATFS_LinkDriver
                0x000000000800a254       0x1e ./Middlewares/Third_Party/FatFs/src/ff_gen_drv.o
                0x000000000800a254                FATFS_LinkDriver
 *fill*         0x000000000800a272        0x2 
 .text.MX_USB_DEVICE_Init
                0x000000000800a274       0x60 ./USB_DEVICE/App/usb_device.o
                0x000000000800a274                MX_USB_DEVICE_Init
 .text.CDC_Init_HS
                0x000000000800a2d4       0x28 ./USB_DEVICE/App/usbd_cdc_if.o
 .text.CDC_DeInit_HS
                0x000000000800a2fc       0x10 ./USB_DEVICE/App/usbd_cdc_if.o
 .text.CDC_Control_HS
                0x000000000800a30c       0xbc ./USB_DEVICE/App/usbd_cdc_if.o
 .text.CDC_Receive_HS
                0x000000000800a3c8       0x28 ./USB_DEVICE/App/usbd_cdc_if.o
 .text.CDC_TransmitCplt_HS
                0x000000000800a3f0       0x22 ./USB_DEVICE/App/usbd_cdc_if.o
 *fill*         0x000000000800a412        0x2 
 .text.USBD_HS_DeviceDescriptor
                0x000000000800a414       0x24 ./USB_DEVICE/App/usbd_desc.o
                0x000000000800a414                USBD_HS_DeviceDescriptor
 .text.USBD_HS_LangIDStrDescriptor
                0x000000000800a438       0x24 ./USB_DEVICE/App/usbd_desc.o
                0x000000000800a438                USBD_HS_LangIDStrDescriptor
 .text.USBD_HS_ProductStrDescriptor
                0x000000000800a45c       0x3c ./USB_DEVICE/App/usbd_desc.o
                0x000000000800a45c                USBD_HS_ProductStrDescriptor
 .text.USBD_HS_ManufacturerStrDescriptor
                0x000000000800a498       0x28 ./USB_DEVICE/App/usbd_desc.o
                0x000000000800a498                USBD_HS_ManufacturerStrDescriptor
 .text.USBD_HS_SerialStrDescriptor
                0x000000000800a4c0       0x24 ./USB_DEVICE/App/usbd_desc.o
                0x000000000800a4c0                USBD_HS_SerialStrDescriptor
 .text.USBD_HS_ConfigStrDescriptor
                0x000000000800a4e4       0x3c ./USB_DEVICE/App/usbd_desc.o
                0x000000000800a4e4                USBD_HS_ConfigStrDescriptor
 .text.USBD_HS_InterfaceStrDescriptor
                0x000000000800a520       0x3c ./USB_DEVICE/App/usbd_desc.o
                0x000000000800a520                USBD_HS_InterfaceStrDescriptor
 .text.Get_SerialNum
                0x000000000800a55c       0x58 ./USB_DEVICE/App/usbd_desc.o
 .text.IntToUnicode
                0x000000000800a5b4       0x7e ./USB_DEVICE/App/usbd_desc.o
 *fill*         0x000000000800a632        0x2 
 .text.HAL_PCD_MspInit
                0x000000000800a634       0xa0 ./USB_DEVICE/Target/usbd_conf.o
                0x000000000800a634                HAL_PCD_MspInit
 .text.HAL_PCD_SetupStageCallback
                0x000000000800a6d4       0x24 ./USB_DEVICE/Target/usbd_conf.o
                0x000000000800a6d4                HAL_PCD_SetupStageCallback
 .text.HAL_PCD_DataOutStageCallback
                0x000000000800a6f8       0x36 ./USB_DEVICE/Target/usbd_conf.o
                0x000000000800a6f8                HAL_PCD_DataOutStageCallback
 .text.HAL_PCD_DataInStageCallback
                0x000000000800a72e       0x34 ./USB_DEVICE/Target/usbd_conf.o
                0x000000000800a72e                HAL_PCD_DataInStageCallback
 .text.HAL_PCD_SOFCallback
                0x000000000800a762       0x1c ./USB_DEVICE/Target/usbd_conf.o
                0x000000000800a762                HAL_PCD_SOFCallback
 .text.HAL_PCD_ResetCallback
                0x000000000800a77e       0x50 ./USB_DEVICE/Target/usbd_conf.o
                0x000000000800a77e                HAL_PCD_ResetCallback
 *fill*         0x000000000800a7ce        0x2 
 .text.HAL_PCD_SuspendCallback
                0x000000000800a7d0       0x4c ./USB_DEVICE/Target/usbd_conf.o
                0x000000000800a7d0                HAL_PCD_SuspendCallback
 .text.HAL_PCD_ResumeCallback
                0x000000000800a81c       0x1c ./USB_DEVICE/Target/usbd_conf.o
                0x000000000800a81c                HAL_PCD_ResumeCallback
 .text.HAL_PCD_ISOOUTIncompleteCallback
                0x000000000800a838       0x24 ./USB_DEVICE/Target/usbd_conf.o
                0x000000000800a838                HAL_PCD_ISOOUTIncompleteCallback
 .text.HAL_PCD_ISOINIncompleteCallback
                0x000000000800a85c       0x24 ./USB_DEVICE/Target/usbd_conf.o
                0x000000000800a85c                HAL_PCD_ISOINIncompleteCallback
 .text.HAL_PCD_ConnectCallback
                0x000000000800a880       0x1c ./USB_DEVICE/Target/usbd_conf.o
                0x000000000800a880                HAL_PCD_ConnectCallback
 .text.HAL_PCD_DisconnectCallback
                0x000000000800a89c       0x1c ./USB_DEVICE/Target/usbd_conf.o
                0x000000000800a89c                HAL_PCD_DisconnectCallback
 .text.USBD_LL_Init
                0x000000000800a8b8       0xa4 ./USB_DEVICE/Target/usbd_conf.o
                0x000000000800a8b8                USBD_LL_Init
 .text.USBD_LL_Start
                0x000000000800a95c       0x36 ./USB_DEVICE/Target/usbd_conf.o
                0x000000000800a95c                USBD_LL_Start
 .text.USBD_LL_OpenEP
                0x000000000800a992       0x4c ./USB_DEVICE/Target/usbd_conf.o
                0x000000000800a992                USBD_LL_OpenEP
 .text.USBD_LL_CloseEP
                0x000000000800a9de       0x3e ./USB_DEVICE/Target/usbd_conf.o
                0x000000000800a9de                USBD_LL_CloseEP
 .text.USBD_LL_StallEP
                0x000000000800aa1c       0x3e ./USB_DEVICE/Target/usbd_conf.o
                0x000000000800aa1c                USBD_LL_StallEP
 .text.USBD_LL_ClearStallEP
                0x000000000800aa5a       0x3e ./USB_DEVICE/Target/usbd_conf.o
                0x000000000800aa5a                USBD_LL_ClearStallEP
 .text.USBD_LL_IsStallEP
                0x000000000800aa98       0x58 ./USB_DEVICE/Target/usbd_conf.o
                0x000000000800aa98                USBD_LL_IsStallEP
 .text.USBD_LL_SetUSBAddress
                0x000000000800aaf0       0x3e ./USB_DEVICE/Target/usbd_conf.o
                0x000000000800aaf0                USBD_LL_SetUSBAddress
 .text.USBD_LL_Transmit
                0x000000000800ab2e       0x42 ./USB_DEVICE/Target/usbd_conf.o
                0x000000000800ab2e                USBD_LL_Transmit
 .text.USBD_LL_PrepareReceive
                0x000000000800ab70       0x42 ./USB_DEVICE/Target/usbd_conf.o
                0x000000000800ab70                USBD_LL_PrepareReceive
 .text.USBD_LL_GetRxDataSize
                0x000000000800abb2       0x26 ./USB_DEVICE/Target/usbd_conf.o
                0x000000000800abb2                USBD_LL_GetRxDataSize
 .text.USBD_static_malloc
                0x000000000800abd8       0x1c ./USB_DEVICE/Target/usbd_conf.o
                0x000000000800abd8                USBD_static_malloc
 .text.USBD_static_free
                0x000000000800abf4       0x14 ./USB_DEVICE/Target/usbd_conf.o
                0x000000000800abf4                USBD_static_free
 .text.USBD_Get_USB_Status
                0x000000000800ac08       0x58 ./USB_DEVICE/Target/usbd_conf.o
                0x000000000800ac08                USBD_Get_USB_Status
 .text.__libc_init_array
                0x000000000800ac60       0x48 c:/st/stm32cubeide_1.9.0/stm32cubeide/plugins/com.st.stm32cube.ide.mcu.externaltools.gnu-tools-for-stm32.10.3-2021.10.win32_1.0.0.202111181127/tools/bin/../lib/gcc/arm-none-eabi/10.3.1/../../../../arm-none-eabi/lib/thumb/v7e-m+fp/hard\libc_nano.a(lib_a-init.o)
                0x000000000800ac60                __libc_init_array
 .text.memset   0x000000000800aca8       0x10 c:/st/stm32cubeide_1.9.0/stm32cubeide/plugins/com.st.stm32cube.ide.mcu.externaltools.gnu-tools-for-stm32.10.3-2021.10.win32_1.0.0.202111181127/tools/bin/../lib/gcc/arm-none-eabi/10.3.1/../../../../arm-none-eabi/lib/thumb/v7e-m+fp/hard\libc_nano.a(lib_a-memset.o)
                0x000000000800aca8                memset
 *(.glue_7)
 .glue_7        0x000000000800acb8        0x0 linker stubs
 *(.glue_7t)
 .glue_7t       0x000000000800acb8        0x0 linker stubs
 *(.eh_frame)
 .eh_frame      0x000000000800acb8        0x0 c:/st/stm32cubeide_1.9.0/stm32cubeide/plugins/com.st.stm32cube.ide.mcu.externaltools.gnu-tools-for-stm32.10.3-2021.10.win32_1.0.0.202111181127/tools/bin/../lib/gcc/arm-none-eabi/10.3.1/thumb/v7e-m+fp/hard/crtbegin.o
 *(.init)
 .init          0x000000000800acb8        0x4 c:/st/stm32cubeide_1.9.0/stm32cubeide/plugins/com.st.stm32cube.ide.mcu.externaltools.gnu-tools-for-stm32.10.3-2021.10.win32_1.0.0.202111181127/tools/bin/../lib/gcc/arm-none-eabi/10.3.1/thumb/v7e-m+fp/hard/crti.o
                0x000000000800acb8                _init
 .init          0x000000000800acbc        0x8 c:/st/stm32cubeide_1.9.0/stm32cubeide/plugins/com.st.stm32cube.ide.mcu.externaltools.gnu-tools-for-stm32.10.3-2021.10.win32_1.0.0.202111181127/tools/bin/../lib/gcc/arm-none-eabi/10.3.1/thumb/v7e-m+fp/hard/crtn.o
 *(.fini)
 .fini          0x000000000800acc4        0x4 c:/st/stm32cubeide_1.9.0/stm32cubeide/plugins/com.st.stm32cube.ide.mcu.externaltools.gnu-tools-for-stm32.10.3-2021.10.win32_1.0.0.202111181127/tools/bin/../lib/gcc/arm-none-eabi/10.3.1/thumb/v7e-m+fp/hard/crti.o
                0x000000000800acc4                _fini
 .fini          0x000000000800acc8        0x8 c:/st/stm32cubeide_1.9.0/stm32cubeide/plugins/com.st.stm32cube.ide.mcu.externaltools.gnu-tools-for-stm32.10.3-2021.10.win32_1.0.0.202111181127/tools/bin/../lib/gcc/arm-none-eabi/10.3.1/thumb/v7e-m+fp/hard/crtn.o
                0x000000000800acd0                . = ALIGN (0x4)
                0x000000000800acd0                _etext = .

.vfp11_veneer   0x000000000800acd0        0x0
 .vfp11_veneer  0x000000000800acd0        0x0 linker stubs

.v4_bx          0x000000000800acd0        0x0
 .v4_bx         0x000000000800acd0        0x0 linker stubs

.iplt           0x000000000800acd0        0x0
 .iplt          0x000000000800acd0        0x0 c:/st/stm32cubeide_1.9.0/stm32cubeide/plugins/com.st.stm32cube.ide.mcu.externaltools.gnu-tools-for-stm32.10.3-2021.10.win32_1.0.0.202111181127/tools/bin/../lib/gcc/arm-none-eabi/10.3.1/thumb/v7e-m+fp/hard/crtbegin.o

.rodata         0x000000000800acd0       0x74
                0x000000000800acd0                . = ALIGN (0x4)
 *(.rodata)
 .rodata        0x000000000800acd0       0x46 ./USB_DEVICE/App/usbd_desc.o
 *(.rodata*)
 *fill*         0x000000000800ad16        0x2 
 .rodata.AHBPrescTable
                0x000000000800ad18       0x10 ./Core/Src/system_stm32f4xx.o
                0x000000000800ad18                AHBPrescTable
 .rodata.APBPrescTable
                0x000000000800ad28        0x8 ./Core/Src/system_stm32f4xx.o
                0x000000000800ad28                APBPrescTable
 .rodata.SD_Driver
                0x000000000800ad30       0x14 ./FATFS/Target/sd_diskio.o
                0x000000000800ad30                SD_Driver
                0x000000000800ad44                . = ALIGN (0x4)

.ARM.extab      0x000000000800ad44        0x0
                0x000000000800ad44                . = ALIGN (0x4)
 *(.ARM.extab* .gnu.linkonce.armextab.*)
                0x000000000800ad44                . = ALIGN (0x4)

.ARM            0x000000000800ad44        0x8
                0x000000000800ad44                . = ALIGN (0x4)
                0x000000000800ad44                __exidx_start = .
 *(.ARM.exidx*)
 .ARM.exidx     0x000000000800ad44        0x8 c:/st/stm32cubeide_1.9.0/stm32cubeide/plugins/com.st.stm32cube.ide.mcu.externaltools.gnu-tools-for-stm32.10.3-2021.10.win32_1.0.0.202111181127/tools/bin/../lib/gcc/arm-none-eabi/10.3.1/thumb/v7e-m+fp/hard\libgcc.a(_udivmoddi4.o)
                0x000000000800ad4c                __exidx_end = .
                0x000000000800ad4c                . = ALIGN (0x4)

.rel.dyn        0x000000000800ad4c        0x0
 .rel.iplt      0x000000000800ad4c        0x0 c:/st/stm32cubeide_1.9.0/stm32cubeide/plugins/com.st.stm32cube.ide.mcu.externaltools.gnu-tools-for-stm32.10.3-2021.10.win32_1.0.0.202111181127/tools/bin/../lib/gcc/arm-none-eabi/10.3.1/thumb/v7e-m+fp/hard/crtbegin.o

.preinit_array  0x000000000800ad4c        0x0
                0x000000000800ad4c                . = ALIGN (0x4)
                0x000000000800ad4c                PROVIDE (__preinit_array_start = .)
 *(.preinit_array*)
                0x000000000800ad4c                PROVIDE (__preinit_array_end = .)
                0x000000000800ad4c                . = ALIGN (0x4)

.init_array     0x000000000800ad4c        0x4
                0x000000000800ad4c                . = ALIGN (0x4)
                0x000000000800ad4c                PROVIDE (__init_array_start = .)
 *(SORT_BY_NAME(.init_array.*))
 *(.init_array*)
 .init_array    0x000000000800ad4c        0x4 c:/st/stm32cubeide_1.9.0/stm32cubeide/plugins/com.st.stm32cube.ide.mcu.externaltools.gnu-tools-for-stm32.10.3-2021.10.win32_1.0.0.202111181127/tools/bin/../lib/gcc/arm-none-eabi/10.3.1/thumb/v7e-m+fp/hard/crtbegin.o
                0x000000000800ad50                PROVIDE (__init_array_end = .)
                0x000000000800ad50                . = ALIGN (0x4)

.fini_array     0x000000000800ad50        0x4
                0x000000000800ad50                . = ALIGN (0x4)
                [!provide]                        PROVIDE (__fini_array_start = .)
 *(SORT_BY_NAME(.fini_array.*))
 *(.fini_array*)
 .fini_array    0x000000000800ad50        0x4 c:/st/stm32cubeide_1.9.0/stm32cubeide/plugins/com.st.stm32cube.ide.mcu.externaltools.gnu-tools-for-stm32.10.3-2021.10.win32_1.0.0.202111181127/tools/bin/../lib/gcc/arm-none-eabi/10.3.1/thumb/v7e-m+fp/hard/crtbegin.o
                [!provide]                        PROVIDE (__fini_array_end = .)
                0x000000000800ad54                . = ALIGN (0x4)
                0x000000000800ad54                _sidata = LOADADDR (.data)

.data           0x0000000020000000       0xfc load address 0x000000000800ad54
                0x0000000020000000                . = ALIGN (0x4)
                0x0000000020000000                _sdata = .
 *(.data)
 *(.data*)
 .data.SystemCoreClock
                0x0000000020000000        0x4 ./Core/Src/system_stm32f4xx.o
                0x0000000020000000                SystemCoreClock
 .data.uwTickPrio
                0x0000000020000004        0x4 ./Drivers/STM32F4xx_HAL_Driver/Src/stm32f4xx_hal.o
                0x0000000020000004                uwTickPrio
 .data.uwTickFreq
                0x0000000020000008        0x1 ./Drivers/STM32F4xx_HAL_Driver/Src/stm32f4xx_hal.o
                0x0000000020000008                uwTickFreq
 .data.Stat     0x0000000020000009        0x1 ./FATFS/Target/sd_diskio.o
 *fill*         0x000000002000000a        0x2 
 .data.USBD_CDC_DeviceQualifierDesc
                0x000000002000000c        0xa ./Middlewares/ST/STM32_USB_Device_Library/Class/CDC/Src/usbd_cdc.o
 *fill*         0x0000000020000016        0x2 
 .data.USBD_CDC
                0x0000000020000018       0x38 ./Middlewares/ST/STM32_USB_Device_Library/Class/CDC/Src/usbd_cdc.o
                0x0000000020000018                USBD_CDC
 .data.USBD_CDC_CfgDesc
                0x0000000020000050       0x43 ./Middlewares/ST/STM32_USB_Device_Library/Class/CDC/Src/usbd_cdc.o
 .data.CDCInEpAdd
                0x0000000020000093        0x1 ./Middlewares/ST/STM32_USB_Device_Library/Class/CDC/Src/usbd_cdc.o
 .data.CDCOutEpAdd
                0x0000000020000094        0x1 ./Middlewares/ST/STM32_USB_Device_Library/Class/CDC/Src/usbd_cdc.o
 .data.CDCCmdEpAdd
                0x0000000020000095        0x1 ./Middlewares/ST/STM32_USB_Device_Library/Class/CDC/Src/usbd_cdc.o
 *fill*         0x0000000020000096        0x2 
 .data.USBD_Interface_fops_HS
                0x0000000020000098       0x14 ./USB_DEVICE/App/usbd_cdc_if.o
                0x0000000020000098                USBD_Interface_fops_HS
 .data.HS_Desc  0x00000000200000ac       0x1c ./USB_DEVICE/App/usbd_desc.o
                0x00000000200000ac                HS_Desc
 .data.USBD_HS_DeviceDesc
                0x00000000200000c8       0x12 ./USB_DEVICE/App/usbd_desc.o
                0x00000000200000c8                USBD_HS_DeviceDesc
 *fill*         0x00000000200000da        0x2 
 .data.USBD_LangIDDesc
                0x00000000200000dc        0x4 ./USB_DEVICE/App/usbd_desc.o
                0x00000000200000dc                USBD_LangIDDesc
 .data.USBD_StringSerial
                0x00000000200000e0       0x1a ./USB_DEVICE/App/usbd_desc.o
                0x00000000200000e0                USBD_StringSerial
 *(.RamFunc)
 *(.RamFunc*)
                0x00000000200000fc                . = ALIGN (0x4)
 *fill*         0x00000000200000fa        0x2 
                0x00000000200000fc                _edata = .
                0x000000000800ae50                _siccmram = LOADADDR (.ccmram)

.igot.plt       0x00000000200000fc        0x0 load address 0x000000000800ae50
 .igot.plt      0x00000000200000fc        0x0 c:/st/stm32cubeide_1.9.0/stm32cubeide/plugins/com.st.stm32cube.ide.mcu.externaltools.gnu-tools-for-stm32.10.3-2021.10.win32_1.0.0.202111181127/tools/bin/../lib/gcc/arm-none-eabi/10.3.1/thumb/v7e-m+fp/hard/crtbegin.o

.ccmram         0x0000000010000000        0x0 load address 0x000000000800ae50
                0x0000000010000000                . = ALIGN (0x4)
                0x0000000010000000                _sccmram = .
 *(.ccmram)
 *(.ccmram*)
                0x0000000010000000                . = ALIGN (0x4)
                0x0000000010000000                _eccmram = .
                0x0000000010000000                . = ALIGN (0x4)

.bss            0x00000000200000fc     0x1ef4
                0x00000000200000fc                _sbss = .
                0x00000000200000fc                __bss_start__ = _sbss
 *(.bss)
 .bss           0x00000000200000fc       0x1c c:/st/stm32cubeide_1.9.0/stm32cubeide/plugins/com.st.stm32cube.ide.mcu.externaltools.gnu-tools-for-stm32.10.3-2021.10.win32_1.0.0.202111181127/tools/bin/../lib/gcc/arm-none-eabi/10.3.1/thumb/v7e-m+fp/hard/crtbegin.o
 *(.bss*)
 .bss.hadc2     0x0000000020000118       0x48 ./Core/Src/main.o
                0x0000000020000118                hadc2
 .bss.hi2c2     0x0000000020000160       0x54 ./Core/Src/main.o
                0x0000000020000160                hi2c2
 .bss.hsd       0x00000000200001b4       0x84 ./Core/Src/main.o
                0x00000000200001b4                hsd
 .bss.hspi1     0x0000000020000238       0x58 ./Core/Src/main.o
                0x0000000020000238                hspi1
 .bss.hspi2     0x0000000020000290       0x58 ./Core/Src/main.o
                0x0000000020000290                hspi2
 .bss.hspi3     0x00000000200002e8       0x58 ./Core/Src/main.o
                0x00000000200002e8                hspi3
 .bss.htim3     0x0000000020000340       0x48 ./Core/Src/main.o
                0x0000000020000340                htim3
 .bss.huart1    0x0000000020000388       0x44 ./Core/Src/main.o
                0x0000000020000388                huart1
 .bss.uwTick    0x00000000200003cc        0x4 ./Drivers/STM32F4xx_HAL_Driver/Src/stm32f4xx_hal.o
                0x00000000200003cc                uwTick
 .bss.retSD     0x00000000200003d0        0x1 ./FATFS/App/fatfs.o
                0x00000000200003d0                retSD
 *fill*         0x00000000200003d1        0x3 
 .bss.SDPath    0x00000000200003d4        0x4 ./FATFS/App/fatfs.o
                0x00000000200003d4                SDPath
 .bss.cfgidx.0  0x00000000200003d8        0x1 ./Middlewares/ST/STM32_USB_Device_Library/Core/Src/usbd_ctlreq.o
 *fill*         0x00000000200003d9        0x3 
 .bss.disk      0x00000000200003dc        0xc ./Middlewares/Third_Party/FatFs/src/ff_gen_drv.o
                0x00000000200003dc                disk
 .bss.hUsbDeviceHS
                0x00000000200003e8      0x2dc ./USB_DEVICE/App/usb_device.o
                0x00000000200003e8                hUsbDeviceHS
 .bss.UserRxBufferHS
                0x00000000200006c4      0x800 ./USB_DEVICE/App/usbd_cdc_if.o
                0x00000000200006c4                UserRxBufferHS
 .bss.UserTxBufferHS
                0x0000000020000ec4      0x800 ./USB_DEVICE/App/usbd_cdc_if.o
                0x0000000020000ec4                UserTxBufferHS
 .bss.USBD_StrDesc
                0x00000000200016c4      0x200 ./USB_DEVICE/App/usbd_desc.o
                0x00000000200016c4                USBD_StrDesc
 .bss.hpcd_USB_OTG_HS
                0x00000000200018c4      0x50c ./USB_DEVICE/Target/usbd_conf.o
                0x00000000200018c4                hpcd_USB_OTG_HS
 .bss.mem.0     0x0000000020001dd0      0x220 ./USB_DEVICE/Target/usbd_conf.o
 *(COMMON)
                0x0000000020001ff0                . = ALIGN (0x4)
                0x0000000020001ff0                _ebss = .
                0x0000000020001ff0                __bss_end__ = _ebss

._user_heap_stack
                0x0000000020001ff0      0x600
                0x0000000020001ff0                . = ALIGN (0x8)
                [!provide]                        PROVIDE (end = .)
                0x0000000020001ff0                PROVIDE (_end = .)
                0x00000000200021f0                . = (. + _Min_Heap_Size)
 *fill*         0x0000000020001ff0      0x200 
                0x00000000200025f0                . = (. + _Min_Stack_Size)
 *fill*         0x00000000200021f0      0x400 
                0x00000000200025f0                . = ALIGN (0x8)

/DISCARD/
 libc.a(*)
 libm.a(*)
 libgcc.a(*)

.ARM.attributes
                0x0000000000000000       0x30
 *(.ARM.attributes)
 .ARM.attributes
                0x0000000000000000       0x1e c:/st/stm32cubeide_1.9.0/stm32cubeide/plugins/com.st.stm32cube.ide.mcu.externaltools.gnu-tools-for-stm32.10.3-2021.10.win32_1.0.0.202111181127/tools/bin/../lib/gcc/arm-none-eabi/10.3.1/thumb/v7e-m+fp/hard/crti.o
 .ARM.attributes
                0x000000000000001e       0x34 c:/st/stm32cubeide_1.9.0/stm32cubeide/plugins/com.st.stm32cube.ide.mcu.externaltools.gnu-tools-for-stm32.10.3-2021.10.win32_1.0.0.202111181127/tools/bin/../lib/gcc/arm-none-eabi/10.3.1/thumb/v7e-m+fp/hard/crtbegin.o
 .ARM.attributes
                0x0000000000000052       0x34 ./Core/Src/main.o
 .ARM.attributes
                0x0000000000000086       0x34 ./Core/Src/stm32f4xx_hal_msp.o
 .ARM.attributes
                0x00000000000000ba       0x34 ./Core/Src/stm32f4xx_it.o
 .ARM.attributes
                0x00000000000000ee       0x34 ./Core/Src/system_stm32f4xx.o
 .ARM.attributes
                0x0000000000000122       0x21 ./Core/Startup/startup_stm32f405rgtx.o
 .ARM.attributes
                0x0000000000000143       0x34 ./Drivers/STM32F4xx_HAL_Driver/Src/stm32f4xx_hal.o
 .ARM.attributes
                0x0000000000000177       0x34 ./Drivers/STM32F4xx_HAL_Driver/Src/stm32f4xx_hal_adc.o
 .ARM.attributes
                0x00000000000001ab       0x34 ./Drivers/STM32F4xx_HAL_Driver/Src/stm32f4xx_hal_cortex.o
 .ARM.attributes
                0x00000000000001df       0x34 ./Drivers/STM32F4xx_HAL_Driver/Src/stm32f4xx_hal_gpio.o
 .ARM.attributes
                0x0000000000000213       0x34 ./Drivers/STM32F4xx_HAL_Driver/Src/stm32f4xx_hal_i2c.o
 .ARM.attributes
                0x0000000000000247       0x34 ./Drivers/STM32F4xx_HAL_Driver/Src/stm32f4xx_hal_pcd.o
 .ARM.attributes
                0x000000000000027b       0x34 ./Drivers/STM32F4xx_HAL_Driver/Src/stm32f4xx_hal_pcd_ex.o
 .ARM.attributes
                0x00000000000002af       0x34 ./Drivers/STM32F4xx_HAL_Driver/Src/stm32f4xx_hal_rcc.o
 .ARM.attributes
                0x00000000000002e3       0x34 ./Drivers/STM32F4xx_HAL_Driver/Src/stm32f4xx_hal_sd.o
 .ARM.attributes
                0x0000000000000317       0x34 ./Drivers/STM32F4xx_HAL_Driver/Src/stm32f4xx_hal_spi.o
 .ARM.attributes
                0x000000000000034b       0x34 ./Drivers/STM32F4xx_HAL_Driver/Src/stm32f4xx_hal_tim.o
 .ARM.attributes
                0x000000000000037f       0x34 ./Drivers/STM32F4xx_HAL_Driver/Src/stm32f4xx_hal_tim_ex.o
 .ARM.attributes
                0x00000000000003b3       0x34 ./Drivers/STM32F4xx_HAL_Driver/Src/stm32f4xx_hal_uart.o
 .ARM.attributes
                0x00000000000003e7       0x34 ./Drivers/STM32F4xx_HAL_Driver/Src/stm32f4xx_ll_sdmmc.o
 .ARM.attributes
                0x000000000000041b       0x34 ./Drivers/STM32F4xx_HAL_Driver/Src/stm32f4xx_ll_usb.o
 .ARM.attributes
                0x000000000000044f       0x34 ./FATFS/App/fatfs.o
 .ARM.attributes
                0x0000000000000483       0x34 ./FATFS/Target/bsp_driver_sd.o
 .ARM.attributes
                0x00000000000004b7       0x34 ./FATFS/Target/fatfs_platform.o
 .ARM.attributes
                0x00000000000004eb       0x34 ./FATFS/Target/sd_diskio.o
 .ARM.attributes
                0x000000000000051f       0x34 ./Middlewares/ST/STM32_USB_Device_Library/Class/CDC/Src/usbd_cdc.o
 .ARM.attributes
                0x0000000000000553       0x34 ./Middlewares/ST/STM32_USB_Device_Library/Core/Src/usbd_core.o
 .ARM.attributes
                0x0000000000000587       0x34 ./Middlewares/ST/STM32_USB_Device_Library/Core/Src/usbd_ctlreq.o
 .ARM.attributes
                0x00000000000005bb       0x34 ./Middlewares/ST/STM32_USB_Device_Library/Core/Src/usbd_ioreq.o
 .ARM.attributes
                0x00000000000005ef       0x34 ./Middlewares/Third_Party/FatFs/src/ff_gen_drv.o
 .ARM.attributes
                0x0000000000000623       0x34 ./USB_DEVICE/App/usb_device.o
 .ARM.attributes
                0x0000000000000657       0x34 ./USB_DEVICE/App/usbd_cdc_if.o
 .ARM.attributes
                0x000000000000068b       0x34 ./USB_DEVICE/App/usbd_desc.o
 .ARM.attributes
                0x00000000000006bf       0x34 ./USB_DEVICE/Target/usbd_conf.o
 .ARM.attributes
                0x00000000000006f3       0x34 c:/st/stm32cubeide_1.9.0/stm32cubeide/plugins/com.st.stm32cube.ide.mcu.externaltools.gnu-tools-for-stm32.10.3-2021.10.win32_1.0.0.202111181127/tools/bin/../lib/gcc/arm-none-eabi/10.3.1/../../../../arm-none-eabi/lib/thumb/v7e-m+fp/hard\libc_nano.a(lib_a-init.o)
 .ARM.attributes
                0x0000000000000727       0x34 c:/st/stm32cubeide_1.9.0/stm32cubeide/plugins/com.st.stm32cube.ide.mcu.externaltools.gnu-tools-for-stm32.10.3-2021.10.win32_1.0.0.202111181127/tools/bin/../lib/gcc/arm-none-eabi/10.3.1/../../../../arm-none-eabi/lib/thumb/v7e-m+fp/hard\libc_nano.a(lib_a-memset.o)
 .ARM.attributes
                0x000000000000075b       0x1e c:/st/stm32cubeide_1.9.0/stm32cubeide/plugins/com.st.stm32cube.ide.mcu.externaltools.gnu-tools-for-stm32.10.3-2021.10.win32_1.0.0.202111181127/tools/bin/../lib/gcc/arm-none-eabi/10.3.1/thumb/v7e-m+fp/hard\libgcc.a(_aeabi_uldivmod.o)
 .ARM.attributes
                0x0000000000000779       0x34 c:/st/stm32cubeide_1.9.0/stm32cubeide/plugins/com.st.stm32cube.ide.mcu.externaltools.gnu-tools-for-stm32.10.3-2021.10.win32_1.0.0.202111181127/tools/bin/../lib/gcc/arm-none-eabi/10.3.1/thumb/v7e-m+fp/hard\libgcc.a(_udivmoddi4.o)
 .ARM.attributes
                0x00000000000007ad       0x1e c:/st/stm32cubeide_1.9.0/stm32cubeide/plugins/com.st.stm32cube.ide.mcu.externaltools.gnu-tools-for-stm32.10.3-2021.10.win32_1.0.0.202111181127/tools/bin/../lib/gcc/arm-none-eabi/10.3.1/thumb/v7e-m+fp/hard\libgcc.a(_dvmd_tls.o)
 .ARM.attributes
                0x00000000000007cb       0x1e c:/st/stm32cubeide_1.9.0/stm32cubeide/plugins/com.st.stm32cube.ide.mcu.externaltools.gnu-tools-for-stm32.10.3-2021.10.win32_1.0.0.202111181127/tools/bin/../lib/gcc/arm-none-eabi/10.3.1/thumb/v7e-m+fp/hard/crtn.o
OUTPUT(Strelka_Layout_Test.elf elf32-littlearm)
LOAD linker stubs
LOAD c:/st/stm32cubeide_1.9.0/stm32cubeide/plugins/com.st.stm32cube.ide.mcu.externaltools.gnu-tools-for-stm32.10.3-2021.10.win32_1.0.0.202111181127/tools/bin/../lib/gcc/arm-none-eabi/10.3.1/../../../../arm-none-eabi/lib/thumb/v7e-m+fp/hard\libc.a
LOAD c:/st/stm32cubeide_1.9.0/stm32cubeide/plugins/com.st.stm32cube.ide.mcu.externaltools.gnu-tools-for-stm32.10.3-2021.10.win32_1.0.0.202111181127/tools/bin/../lib/gcc/arm-none-eabi/10.3.1/../../../../arm-none-eabi/lib/thumb/v7e-m+fp/hard\libm.a
LOAD c:/st/stm32cubeide_1.9.0/stm32cubeide/plugins/com.st.stm32cube.ide.mcu.externaltools.gnu-tools-for-stm32.10.3-2021.10.win32_1.0.0.202111181127/tools/bin/../lib/gcc/arm-none-eabi/10.3.1/thumb/v7e-m+fp/hard\libgcc.a

.debug_info     0x0000000000000000    0x214cc
 .debug_info    0x0000000000000000     0x1d70 ./Core/Src/main.o
 .debug_info    0x0000000000001d70     0x1b71 ./Core/Src/stm32f4xx_hal_msp.o
 .debug_info    0x00000000000038e1      0x650 ./Core/Src/stm32f4xx_it.o
 .debug_info    0x0000000000003f31      0x523 ./Core/Src/system_stm32f4xx.o
 .debug_info    0x0000000000004454       0x22 ./Core/Startup/startup_stm32f405rgtx.o
 .debug_info    0x0000000000004476      0x96a ./Drivers/STM32F4xx_HAL_Driver/Src/stm32f4xx_hal.o
 .debug_info    0x0000000000004de0      0xd70 ./Drivers/STM32F4xx_HAL_Driver/Src/stm32f4xx_hal_adc.o
 .debug_info    0x0000000000005b50      0xe09 ./Drivers/STM32F4xx_HAL_Driver/Src/stm32f4xx_hal_cortex.o
 .debug_info    0x0000000000006959      0x76a ./Drivers/STM32F4xx_HAL_Driver/Src/stm32f4xx_hal_gpio.o
 .debug_info    0x00000000000070c3     0x2609 ./Drivers/STM32F4xx_HAL_Driver/Src/stm32f4xx_hal_i2c.o
 .debug_info    0x00000000000096cc     0x1695 ./Drivers/STM32F4xx_HAL_Driver/Src/stm32f4xx_hal_pcd.o
 .debug_info    0x000000000000ad61      0x717 ./Drivers/STM32F4xx_HAL_Driver/Src/stm32f4xx_hal_pcd_ex.o
 .debug_info    0x000000000000b478      0x966 ./Drivers/STM32F4xx_HAL_Driver/Src/stm32f4xx_hal_rcc.o
 .debug_info    0x000000000000bdde     0x1d34 ./Drivers/STM32F4xx_HAL_Driver/Src/stm32f4xx_hal_sd.o
 .debug_info    0x000000000000db12     0x1758 ./Drivers/STM32F4xx_HAL_Driver/Src/stm32f4xx_hal_spi.o
 .debug_info    0x000000000000f26a     0x2bbe ./Drivers/STM32F4xx_HAL_Driver/Src/stm32f4xx_hal_tim.o
 .debug_info    0x0000000000011e28     0x15e0 ./Drivers/STM32F4xx_HAL_Driver/Src/stm32f4xx_hal_tim_ex.o
 .debug_info    0x0000000000013408     0x31bc ./Drivers/STM32F4xx_HAL_Driver/Src/stm32f4xx_hal_uart.o
 .debug_info    0x00000000000165c4     0x11dd ./Drivers/STM32F4xx_HAL_Driver/Src/stm32f4xx_ll_sdmmc.o
 .debug_info    0x00000000000177a1     0x1a97 ./Drivers/STM32F4xx_HAL_Driver/Src/stm32f4xx_ll_usb.o
 .debug_info    0x0000000000019238      0x4fa ./FATFS/App/fatfs.o
 .debug_info    0x0000000000019732      0xb61 ./FATFS/Target/bsp_driver_sd.o
 .debug_info    0x000000000001a293      0x1dd ./FATFS/Target/fatfs_platform.o
 .debug_info    0x000000000001a470      0x4e9 ./FATFS/Target/sd_diskio.o
 .debug_info    0x000000000001a959     0x130c ./Middlewares/ST/STM32_USB_Device_Library/Class/CDC/Src/usbd_cdc.o
 .debug_info    0x000000000001bc65      0xee7 ./Middlewares/ST/STM32_USB_Device_Library/Core/Src/usbd_core.o
 .debug_info    0x000000000001cb4c      0xb7f ./Middlewares/ST/STM32_USB_Device_Library/Core/Src/usbd_ctlreq.o
 .debug_info    0x000000000001d6cb      0x7da ./Middlewares/ST/STM32_USB_Device_Library/Core/Src/usbd_ioreq.o
 .debug_info    0x000000000001dea5      0x3a9 ./Middlewares/Third_Party/FatFs/src/ff_gen_drv.o
 .debug_info    0x000000000001e24e      0x76a ./USB_DEVICE/App/usb_device.o
 .debug_info    0x000000000001e9b8      0x96f ./USB_DEVICE/App/usbd_cdc_if.o
 .debug_info    0x000000000001f327      0x498 ./USB_DEVICE/App/usbd_desc.o
 .debug_info    0x000000000001f7bf     0x1d0d ./USB_DEVICE/Target/usbd_conf.o

.debug_abbrev   0x0000000000000000     0x460b
 .debug_abbrev  0x0000000000000000      0x2cf ./Core/Src/main.o
 .debug_abbrev  0x00000000000002cf      0x22a ./Core/Src/stm32f4xx_hal_msp.o
 .debug_abbrev  0x00000000000004f9      0x199 ./Core/Src/stm32f4xx_it.o
 .debug_abbrev  0x0000000000000692      0x116 ./Core/Src/system_stm32f4xx.o
 .debug_abbrev  0x00000000000007a8       0x12 ./Core/Startup/startup_stm32f405rgtx.o
 .debug_abbrev  0x00000000000007ba      0x20d ./Drivers/STM32F4xx_HAL_Driver/Src/stm32f4xx_hal.o
 .debug_abbrev  0x00000000000009c7      0x244 ./Drivers/STM32F4xx_HAL_Driver/Src/stm32f4xx_hal_adc.o
 .debug_abbrev  0x0000000000000c0b      0x316 ./Drivers/STM32F4xx_HAL_Driver/Src/stm32f4xx_hal_cortex.o
 .debug_abbrev  0x0000000000000f21      0x1c4 ./Drivers/STM32F4xx_HAL_Driver/Src/stm32f4xx_hal_gpio.o
 .debug_abbrev  0x00000000000010e5      0x297 ./Drivers/STM32F4xx_HAL_Driver/Src/stm32f4xx_hal_i2c.o
 .debug_abbrev  0x000000000000137c      0x2bb ./Drivers/STM32F4xx_HAL_Driver/Src/stm32f4xx_hal_pcd.o
 .debug_abbrev  0x0000000000001637      0x1ce ./Drivers/STM32F4xx_HAL_Driver/Src/stm32f4xx_hal_pcd_ex.o
 .debug_abbrev  0x0000000000001805      0x2aa ./Drivers/STM32F4xx_HAL_Driver/Src/stm32f4xx_hal_rcc.o
 .debug_abbrev  0x0000000000001aaf      0x288 ./Drivers/STM32F4xx_HAL_Driver/Src/stm32f4xx_hal_sd.o
 .debug_abbrev  0x0000000000001d37      0x26e ./Drivers/STM32F4xx_HAL_Driver/Src/stm32f4xx_hal_spi.o
 .debug_abbrev  0x0000000000001fa5      0x25d ./Drivers/STM32F4xx_HAL_Driver/Src/stm32f4xx_hal_tim.o
 .debug_abbrev  0x0000000000002202      0x265 ./Drivers/STM32F4xx_HAL_Driver/Src/stm32f4xx_hal_tim_ex.o
 .debug_abbrev  0x0000000000002467      0x2f4 ./Drivers/STM32F4xx_HAL_Driver/Src/stm32f4xx_hal_uart.o
 .debug_abbrev  0x000000000000275b      0x1ce ./Drivers/STM32F4xx_HAL_Driver/Src/stm32f4xx_ll_sdmmc.o
 .debug_abbrev  0x0000000000002929      0x296 ./Drivers/STM32F4xx_HAL_Driver/Src/stm32f4xx_ll_usb.o
 .debug_abbrev  0x0000000000002bbf      0x15a ./FATFS/App/fatfs.o
 .debug_abbrev  0x0000000000002d19      0x2aa ./FATFS/Target/bsp_driver_sd.o
 .debug_abbrev  0x0000000000002fc3      0x105 ./FATFS/Target/fatfs_platform.o
 .debug_abbrev  0x00000000000030c8      0x187 ./FATFS/Target/sd_diskio.o
 .debug_abbrev  0x000000000000324f      0x2be ./Middlewares/ST/STM32_USB_Device_Library/Class/CDC/Src/usbd_cdc.o
 .debug_abbrev  0x000000000000350d      0x263 ./Middlewares/ST/STM32_USB_Device_Library/Core/Src/usbd_core.o
 .debug_abbrev  0x0000000000003770      0x25c ./Middlewares/ST/STM32_USB_Device_Library/Core/Src/usbd_ctlreq.o
 .debug_abbrev  0x00000000000039cc      0x18a ./Middlewares/ST/STM32_USB_Device_Library/Core/Src/usbd_ioreq.o
 .debug_abbrev  0x0000000000003b56      0x196 ./Middlewares/Third_Party/FatFs/src/ff_gen_drv.o
 .debug_abbrev  0x0000000000003cec      0x18a ./USB_DEVICE/App/usb_device.o
 .debug_abbrev  0x0000000000003e76      0x290 ./USB_DEVICE/App/usbd_cdc_if.o
 .debug_abbrev  0x0000000000004106      0x1da ./USB_DEVICE/App/usbd_desc.o
 .debug_abbrev  0x00000000000042e0      0x32b ./USB_DEVICE/Target/usbd_conf.o

.debug_aranges  0x0000000000000000     0x1cc8
 .debug_aranges
                0x0000000000000000       0x78 ./Core/Src/main.o
 .debug_aranges
                0x0000000000000078       0x80 ./Core/Src/stm32f4xx_hal_msp.o
 .debug_aranges
                0x00000000000000f8       0x68 ./Core/Src/stm32f4xx_it.o
 .debug_aranges
                0x0000000000000160       0x28 ./Core/Src/system_stm32f4xx.o
 .debug_aranges
                0x0000000000000188       0x28 ./Core/Startup/startup_stm32f405rgtx.o
 .debug_aranges
                0x00000000000001b0       0xf0 ./Drivers/STM32F4xx_HAL_Driver/Src/stm32f4xx_hal.o
 .debug_aranges
                0x00000000000002a0       0xe8 ./Drivers/STM32F4xx_HAL_Driver/Src/stm32f4xx_hal_adc.o
 .debug_aranges
                0x0000000000000388      0x118 ./Drivers/STM32F4xx_HAL_Driver/Src/stm32f4xx_hal_cortex.o
 .debug_aranges
                0x00000000000004a0       0x58 ./Drivers/STM32F4xx_HAL_Driver/Src/stm32f4xx_hal_gpio.o
 .debug_aranges
                0x00000000000004f8      0x2a0 ./Drivers/STM32F4xx_HAL_Driver/Src/stm32f4xx_hal_i2c.o
 .debug_aranges
                0x0000000000000798      0x148 ./Drivers/STM32F4xx_HAL_Driver/Src/stm32f4xx_hal_pcd.o
 .debug_aranges
                0x00000000000008e0       0x38 ./Drivers/STM32F4xx_HAL_Driver/Src/stm32f4xx_hal_pcd_ex.o
 .debug_aranges
                0x0000000000000918       0x88 ./Drivers/STM32F4xx_HAL_Driver/Src/stm32f4xx_hal_rcc.o
 .debug_aranges
                0x00000000000009a0      0x168 ./Drivers/STM32F4xx_HAL_Driver/Src/stm32f4xx_hal_sd.o
 .debug_aranges
                0x0000000000000b08      0x1d0 ./Drivers/STM32F4xx_HAL_Driver/Src/stm32f4xx_hal_spi.o
 .debug_aranges
                0x0000000000000cd8      0x3d0 ./Drivers/STM32F4xx_HAL_Driver/Src/stm32f4xx_hal_tim.o
 .debug_aranges
                0x00000000000010a8      0x168 ./Drivers/STM32F4xx_HAL_Driver/Src/stm32f4xx_hal_tim_ex.o
 .debug_aranges
                0x0000000000001210      0x200 ./Drivers/STM32F4xx_HAL_Driver/Src/stm32f4xx_hal_uart.o
 .debug_aranges
                0x0000000000001410      0x188 ./Drivers/STM32F4xx_HAL_Driver/Src/stm32f4xx_ll_sdmmc.o
 .debug_aranges
                0x0000000000001598      0x1a0 ./Drivers/STM32F4xx_HAL_Driver/Src/stm32f4xx_ll_usb.o
 .debug_aranges
                0x0000000000001738       0x28 ./FATFS/App/fatfs.o
 .debug_aranges
                0x0000000000001760       0xa0 ./FATFS/Target/bsp_driver_sd.o
 .debug_aranges
                0x0000000000001800       0x20 ./FATFS/Target/fatfs_platform.o
 .debug_aranges
                0x0000000000001820       0x48 ./FATFS/Target/sd_diskio.o
 .debug_aranges
                0x0000000000001868       0x90 ./Middlewares/ST/STM32_USB_Device_Library/Class/CDC/Src/usbd_cdc.o
 .debug_aranges
                0x00000000000018f8       0xd8 ./Middlewares/ST/STM32_USB_Device_Library/Core/Src/usbd_core.o
 .debug_aranges
                0x00000000000019d0       0x90 ./Middlewares/ST/STM32_USB_Device_Library/Core/Src/usbd_ctlreq.o
 .debug_aranges
                0x0000000000001a60       0x50 ./Middlewares/ST/STM32_USB_Device_Library/Core/Src/usbd_ioreq.o
 .debug_aranges
                0x0000000000001ab0       0x40 ./Middlewares/Third_Party/FatFs/src/ff_gen_drv.o
 .debug_aranges
                0x0000000000001af0       0x20 ./USB_DEVICE/App/usb_device.o
 .debug_aranges
                0x0000000000001b10       0x48 ./USB_DEVICE/App/usbd_cdc_if.o
 .debug_aranges
                0x0000000000001b58       0x60 ./USB_DEVICE/App/usbd_desc.o
 .debug_aranges
                0x0000000000001bb8      0x110 ./USB_DEVICE/Target/usbd_conf.o

.debug_ranges   0x0000000000000000     0x1b08
 .debug_ranges  0x0000000000000000       0x68 ./Core/Src/main.o
 .debug_ranges  0x0000000000000068       0x70 ./Core/Src/stm32f4xx_hal_msp.o