../Core/Src/main.c:101:5:main	40	static
../Core/Src/main.c:213:6:SystemClock_Config	88	static
../Core/Src/main.c:259:13:MX_ADC2_Init	24	static
../Core/Src/main.c:311:13:MX_CRC_Init	8	static
../Core/Src/main.c:337:13:MX_I2C2_Init	8	static
../Core/Src/main.c:371:13:MX_SDIO_SD_Init	4	static
../Core/Src/main.c:399:13:MX_SPI1_Init	8	static
../Core/Src/main.c:437:13:MX_SPI2_Init	8	static
../Core/Src/main.c:475:13:MX_SPI3_Init	8	static
../Core/Src/main.c:513:13:MX_TIM3_Init	32	static
../Core/Src/main.c:558:13:MX_USART1_UART_Init	8	static
../Core/Src/main.c:591:13:MX_USART2_UART_Init	8	static
../Core/Src/main.c:624:13:MX_GPIO_Init	48	static
../Core/Src/main.c:702:6:StartDefaultTask	16	static
../Core/Src/main.c:719:6:Error_Handler	4	static,ignoring_inline_asm
