../Core/Src/main.c:106:5:main	8	static
../Core/Src/main.c:195:6:SystemClock_Config	88	static
../Core/Src/main.c:241:13:MX_ADC2_Init	24	static
../Core/Src/main.c:293:13:MX_CRC_Init	8	static
../Core/Src/main.c:319:13:MX_I2C2_Init	8	static
../Core/Src/main.c:353:13:MX_SDIO_SD_Init	4	static
../Core/Src/main.c:381:13:MX_SPI1_Init	8	static
../Core/Src/main.c:419:13:MX_SPI2_Init	8	static
../Core/Src/main.c:457:13:MX_SPI3_Init	8	static
../Core/Src/main.c:495:13:MX_TIM3_Init	32	static
../Core/Src/main.c:540:13:MX_USART1_UART_Init	8	static
../Core/Src/main.c:573:13:MX_USART2_UART_Init	8	static
../Core/Src/main.c:606:13:MX_GPIO_Init	48	static
../Core/Src/main.c:684:6:StartDefaultTask	16	static
../Core/Src/main.c:701:6:Error_Handler	4	static,ignoring_inline_asm
