../Core/Src/main.c:79:6:debug_print	16	static
../Core/Src/main.c:85:6:Blocking_LED_Blink	16	static
../Core/Src/main.c:94:6:HAL_GPIO_EXTI_Callback	16	static
../Core/Src/main.c:106:5:main	80	static
../Core/Src/main.c:224:6:SystemClock_Config	88	static
../Core/Src/main.c:270:13:MX_CRC_Init	8	static
../Core/Src/main.c:296:13:MX_SPI1_Init	8	static
../Core/Src/main.c:334:13:MX_TIM2_Init	32	static
../Core/Src/main.c:379:13:MX_USART1_UART_Init	8	static
../Core/Src/main.c:412:13:MX_USART2_UART_Init	8	static
../Core/Src/main.c:443:13:MX_DMA_Init	16	static
../Core/Src/main.c:461:13:MX_GPIO_Init	48	static
../Core/Src/main.c:533:6:Error_Handler	4	static,ignoring_inline_asm
