../Core/Src/main.c:75:6:Blocking_LED_Blink	16	static
../Core/Src/main.c:84:6:HAL_GPIO_EXTI_Callback	16	static
../Core/Src/main.c:96:5:main	72	static
../Core/Src/main.c:182:6:SystemClock_Config	88	static
../Core/Src/main.c:228:13:MX_SPI1_Init	8	static
../Core/Src/main.c:266:13:MX_TIM2_Init	32	static
../Core/Src/main.c:311:13:MX_USART1_UART_Init	8	static
../Core/Src/main.c:344:13:MX_USART2_UART_Init	8	static
../Core/Src/main.c:375:13:MX_DMA_Init	16	static
../Core/Src/main.c:393:13:MX_GPIO_Init	48	static
../Core/Src/main.c:465:6:Error_Handler	4	static,ignoring_inline_asm
