../Core/Src/main.c:104:5:main	8	static
../Core/Src/main.c:197:6:SystemClock_Config	88	static
../Core/Src/main.c:243:13:MX_ADC2_Init	24	static
../Core/Src/main.c:295:13:MX_CRC_Init	8	static
../Core/Src/main.c:321:13:MX_I2C2_Init	8	static
../Core/Src/main.c:355:13:MX_SDIO_SD_Init	4	static
../Core/Src/main.c:383:13:MX_SPI1_Init	8	static
../Core/Src/main.c:421:13:MX_SPI2_Init	8	static
../Core/Src/main.c:459:13:MX_SPI3_Init	8	static
../Core/Src/main.c:497:13:MX_TIM3_Init	32	static
../Core/Src/main.c:542:13:MX_USART1_UART_Init	8	static
../Core/Src/main.c:575:13:MX_USART2_UART_Init	8	static
../Core/Src/main.c:606:13:MX_DMA_Init	16	static
../Core/Src/main.c:627:13:MX_GPIO_Init	48	static
../Core/Src/main.c:705:6:StartDefaultTask	16	static
../Core/Src/main.c:722:6:Error_Handler	4	static,ignoring_inline_asm
